Archive member included to satisfy reference by file (symbol)

C:/msys64/mingw64/bin/../lib/gcc/arm-none-eabi/13.3.0/../../../../arm-none-eabi/lib/thumb/v7e-m+fp/hard\libc_nano.a(libc_a-atexit.o)
                              C:/msys64/mingw64/bin/../lib/gcc/arm-none-eabi/13.3.0/../../../../arm-none-eabi/lib/thumb/v7e-m+fp/hard/crt0.o (atexit)
C:/msys64/mingw64/bin/../lib/gcc/arm-none-eabi/13.3.0/../../../../arm-none-eabi/lib/thumb/v7e-m+fp/hard\libc_nano.a(libc_a-exit.o)
                              C:/msys64/mingw64/bin/../lib/gcc/arm-none-eabi/13.3.0/../../../../arm-none-eabi/lib/thumb/v7e-m+fp/hard/crt0.o (exit)
C:/msys64/mingw64/bin/../lib/gcc/arm-none-eabi/13.3.0/../../../../arm-none-eabi/lib/thumb/v7e-m+fp/hard\libc_nano.a(libc_a-findfp.o)
                              C:/msys64/mingw64/bin/../lib/gcc/arm-none-eabi/13.3.0/../../../../arm-none-eabi/lib/thumb/v7e-m+fp/hard\libc_nano.a(libc_a-exit.o) (__stdio_exit_handler)
C:/msys64/mingw64/bin/../lib/gcc/arm-none-eabi/13.3.0/../../../../arm-none-eabi/lib/thumb/v7e-m+fp/hard\libc_nano.a(libc_a-fwalk.o)
                              C:/msys64/mingw64/bin/../lib/gcc/arm-none-eabi/13.3.0/../../../../arm-none-eabi/lib/thumb/v7e-m+fp/hard\libc_nano.a(libc_a-findfp.o) (_fwalk_sglue)
C:/msys64/mingw64/bin/../lib/gcc/arm-none-eabi/13.3.0/../../../../arm-none-eabi/lib/thumb/v7e-m+fp/hard\libc_nano.a(libc_a-stdio.o)
                              C:/msys64/mingw64/bin/../lib/gcc/arm-none-eabi/13.3.0/../../../../arm-none-eabi/lib/thumb/v7e-m+fp/hard\libc_nano.a(libc_a-findfp.o) (__sread)
C:/msys64/mingw64/bin/../lib/gcc/arm-none-eabi/13.3.0/../../../../arm-none-eabi/lib/thumb/v7e-m+fp/hard\libc_nano.a(libc_a-memset.o)
                              C:/msys64/mingw64/bin/../lib/gcc/arm-none-eabi/13.3.0/../../../../arm-none-eabi/lib/thumb/v7e-m+fp/hard/crt0.o (memset)
C:/msys64/mingw64/bin/../lib/gcc/arm-none-eabi/13.3.0/../../../../arm-none-eabi/lib/thumb/v7e-m+fp/hard\libc_nano.a(libc_a-closer.o)
                              C:/msys64/mingw64/bin/../lib/gcc/arm-none-eabi/13.3.0/../../../../arm-none-eabi/lib/thumb/v7e-m+fp/hard\libc_nano.a(libc_a-stdio.o) (_close_r)
C:/msys64/mingw64/bin/../lib/gcc/arm-none-eabi/13.3.0/../../../../arm-none-eabi/lib/thumb/v7e-m+fp/hard\libc_nano.a(libc_a-reent.o)
                              C:/msys64/mingw64/bin/../lib/gcc/arm-none-eabi/13.3.0/../../../../arm-none-eabi/lib/thumb/v7e-m+fp/hard\libc_nano.a(libc_a-closer.o) (errno)
C:/msys64/mingw64/bin/../lib/gcc/arm-none-eabi/13.3.0/../../../../arm-none-eabi/lib/thumb/v7e-m+fp/hard\libc_nano.a(libc_a-impure.o)
                              C:/msys64/mingw64/bin/../lib/gcc/arm-none-eabi/13.3.0/../../../../arm-none-eabi/lib/thumb/v7e-m+fp/hard\libc_nano.a(libc_a-reent.o) (_impure_ptr)
C:/msys64/mingw64/bin/../lib/gcc/arm-none-eabi/13.3.0/../../../../arm-none-eabi/lib/thumb/v7e-m+fp/hard\libc_nano.a(libc_a-lseekr.o)
                              C:/msys64/mingw64/bin/../lib/gcc/arm-none-eabi/13.3.0/../../../../arm-none-eabi/lib/thumb/v7e-m+fp/hard\libc_nano.a(libc_a-stdio.o) (_lseek_r)
C:/msys64/mingw64/bin/../lib/gcc/arm-none-eabi/13.3.0/../../../../arm-none-eabi/lib/thumb/v7e-m+fp/hard\libc_nano.a(libc_a-readr.o)
                              C:/msys64/mingw64/bin/../lib/gcc/arm-none-eabi/13.3.0/../../../../arm-none-eabi/lib/thumb/v7e-m+fp/hard\libc_nano.a(libc_a-stdio.o) (_read_r)
C:/msys64/mingw64/bin/../lib/gcc/arm-none-eabi/13.3.0/../../../../arm-none-eabi/lib/thumb/v7e-m+fp/hard\libc_nano.a(libc_a-writer.o)
                              C:/msys64/mingw64/bin/../lib/gcc/arm-none-eabi/13.3.0/../../../../arm-none-eabi/lib/thumb/v7e-m+fp/hard\libc_nano.a(libc_a-stdio.o) (_write_r)
C:/msys64/mingw64/bin/../lib/gcc/arm-none-eabi/13.3.0/../../../../arm-none-eabi/lib/thumb/v7e-m+fp/hard\libc_nano.a(libc_a-errno.o)
                              build/syscalls.o (__errno)
C:/msys64/mingw64/bin/../lib/gcc/arm-none-eabi/13.3.0/../../../../arm-none-eabi/lib/thumb/v7e-m+fp/hard\libc_nano.a(libc_a-init.o)
                              C:/msys64/mingw64/bin/../lib/gcc/arm-none-eabi/13.3.0/../../../../arm-none-eabi/lib/thumb/v7e-m+fp/hard/crt0.o (__libc_init_array)
C:/msys64/mingw64/bin/../lib/gcc/arm-none-eabi/13.3.0/../../../../arm-none-eabi/lib/thumb/v7e-m+fp/hard\libc_nano.a(libc_a-fini.o)
                              C:/msys64/mingw64/bin/../lib/gcc/arm-none-eabi/13.3.0/../../../../arm-none-eabi/lib/thumb/v7e-m+fp/hard/crt0.o (__libc_fini_array)
C:/msys64/mingw64/bin/../lib/gcc/arm-none-eabi/13.3.0/../../../../arm-none-eabi/lib/thumb/v7e-m+fp/hard\libc_nano.a(libc_a-lock.o)
                              C:/msys64/mingw64/bin/../lib/gcc/arm-none-eabi/13.3.0/../../../../arm-none-eabi/lib/thumb/v7e-m+fp/hard\libc_nano.a(libc_a-findfp.o) (__retarget_lock_init_recursive)
C:/msys64/mingw64/bin/../lib/gcc/arm-none-eabi/13.3.0/../../../../arm-none-eabi/lib/thumb/v7e-m+fp/hard\libc_nano.a(libc_a-memcpy.o)
                              build/queue.o (memcpy)
[...]
Memory Configuration

Name             Origin             Length             Attributes
RAM              0x20000000         0x00020000         xrw
CCMRAM           0x10000000         0x00010000         xrw
FLASH            0x08000000         0x00100000         xr
*default*        0x00000000         0xffffffff

Linker script and memory map

LOAD C:/msys64/mingw64/bin/../lib/gcc/arm-none-eabi/13.3.0/thumb/v7e-m+fp/hard/crti.o
LOAD C:/msys64/mingw64/bin/../lib/gcc/arm-none-eabi/13.3.0/thumb/v7e-m+fp/hard/crtbegin.o
LOAD C:/msys64/mingw64/bin/../lib/gcc/arm-none-eabi/13.3.0/../../../../arm-none-eabi/lib/thumb/v7e-m+fp/hard/crt0.o
LOAD build/main.o
LOAD build/gpio.o
LOAD build/freertos.o
LOAD build/adc.o
LOAD build/can.o
LOAD build/dma.o
LOAD build/i2c.o
LOAD build/iwdg.o
LOAD build/spi.o
LOAD build/tim.o
LOAD build/usart.o
LOAD build/stm32f4xx_it.o
LOAD build/stm32f4xx_hal_msp.o
LOAD build/stm32f4xx_hal_timebase_tim.o
LOAD build/syscalls.o
LOAD build/stm32f4xx_hal_adc.o
LOAD build/stm32f4xx_hal_adc_ex.o
LOAD build/stm32f4xx_hal_rcc.o
LOAD build/stm32f4xx_hal_rcc_ex.o
LOAD build/stm32f4xx_hal_flash.o
LOAD build/stm32f4xx_hal_flash_ex.o
LOAD build/stm32f4xx_hal_flash_ramfunc.o
LOAD build/stm32f4xx_hal_gpio.o
LOAD build/stm32f4xx_hal_dma_ex.o
LOAD build/stm32f4xx_hal_dma.o
LOAD build/stm32f4xx_hal_pwr.o
LOAD build/stm32f4xx_hal_pwr_ex.o
LOAD build/stm32f4xx_hal_cortex.o
LOAD build/stm32f4xx_hal.o
LOAD build/stm32f4xx_hal_exti.o
LOAD build/stm32f4xx_hal_can.o
LOAD build/stm32f4xx_hal_i2c.o
LOAD build/stm32f4xx_hal_i2c_ex.o
LOAD build/stm32f4xx_hal_iwdg.o
LOAD build/stm32f4xx_hal_spi.o
LOAD build/stm32f4xx_hal_tim.o
LOAD build/stm32f4xx_hal_tim_ex.o
LOAD build/stm32f4xx_hal_uart.o
LOAD build/system_stm32f4xx.o
LOAD build/croutine.o
LOAD build/event_groups.o
LOAD build/list.o
LOAD build/queue.o
LOAD build/stream_buffer.o
LOAD build/tasks.o
LOAD build/timers.o
LOAD build/cmsis_os.o
LOAD build/heap_4.o
LOAD build/port.o
LOAD build/motor.o
LOAD build/remote_control.o
LOAD build/chassis_task.o
LOAD build/detect_task.o
LOAD build/ins_task.o
LOAD build/QuaternionAHRS.o
LOAD build/GravityEstimateKF.o
LOAD build/BMI088driver.o
LOAD build/BMI088Middleware.o
LOAD build/bsp_CAN.o
LOAD build/bsp_dwt.o
LOAD build/bsp_usart_idle.o
LOAD build/bsp_adc.o
LOAD build/bsp_PWM.o
LOAD build/bsp_i2c.o
LOAD build/controller.o
LOAD build/user_lib.o
LOAD build/filter32.o
LOAD build/kalman_filter.o
LOAD build/startup_stm32f407xx.o
LOAD C:/msys64/mingw64/bin/../lib/gcc/arm-none-eabi/13.3.0/../../../../arm-none-eabi/lib/thumb/v7e-m+fp/hard\libc_nano.a
LOAD C:/msys64/mingw64/bin/../lib/gcc/arm-none-eabi/13.3.0/../../../../arm-none-eabi/lib/thumb/v7e-m+fp/hard\libm.a
LOAD C:/msys64/mingw64/bin/../lib/gcc/arm-none-eabi/13.3.0/../../../../arm-none-eabi/lib/thumb/v7e-m+fp/hard\libnosys.a
LOAD Drivers/CMSIS/Lib/GCC\libarm_cortexM4lf_math.a
START GROUP
LOAD C:/msys64/mingw64/bin/../lib/gcc/arm-none-eabi/13.3.0/thumb/v7e-m+fp/hard\libgcc.a
LOAD C:/msys64/mingw64/bin/../lib/gcc/arm-none-eabi/13.3.0/../../../../arm-none-eabi/lib/thumb/v7e-m+fp/hard\libc_nano.a
END GROUP
START GROUP
LOAD C:/msys64/mingw64/bin/../lib/gcc/arm-none-eabi/13.3.0/thumb/v7e-m+fp/hard\libgcc.a
LOAD C:/msys64/mingw64/bin/../lib/gcc/arm-none-eabi/13.3.0/../../../../arm-none-eabi/lib/thumb/v7e-m+fp/hard\libc_nano.a
END GROUP
LOAD C:/msys64/mingw64/bin/../lib/gcc/arm-none-eabi/13.3.0/thumb/v7e-m+fp/hard/crtend.o
LOAD C:/msys64/mingw64/bin/../lib/gcc/arm-none-eabi/13.3.0/thumb/v7e-m+fp/hard/crtn.o
                0x20020000                        _estack = 0x20020000
                0x00002000                        _Min_Heap_Size = 0x2000
                0x00002000                        _Min_Stack_Size = 0x2000

.isr_vector     0x08000000      0x188
                0x08000000                        . = ALIGN (0x4)
 *(.isr_vector)
 .isr_vector    0x08000000      0x188 build/startup_stm32f407xx.o
                0x08000000                g_pfnVectors
                0x08000188                        . = ALIGN (0x4)

.text           0x08000190     0xad64
                0x08000190                        . = ALIGN (0x4)
 *(.text)
 .text          0x08000190       0xa4 C:/msys64/mingw64/bin/../lib/gcc/arm-none-eabi/13.3.0/../../../../arm-none-eabi/lib/thumb/v7e-m+fp/hard\libc_nano.a(libc_a-memset.o)
                0x08000190                memset
 .text          0x08000234        0xc C:/msys64/mingw64/bin/../lib/gcc/arm-none-eabi/13.3.0/../../../../arm-none-eabi/lib/thumb/v7e-m+fp/hard\libc_nano.a(libc_a-errno.o)
                0x08000234                __errno
 .text          0x08000240       0x50 C:/msys64/mingw64/bin/../lib/gcc/arm-none-eabi/13.3.0/../../../../arm-none-eabi/lib/thumb/v7e-m+fp/hard\libc_nano.a(libc_a-init.o)
                0x08000240                __libc_init_array
 .text          0x08000290      0x134 C:/msys64/mingw64/bin/../lib/gcc/arm-none-eabi/13.3.0/../../../../arm-none-eabi/lib/thumb/v7e-m+fp/hard\libc_nano.a(libc_a-memcpy.o)
                0x08000290                memcpy
 .text          0x080003c4       0x58 C:/msys64/mingw64/bin/../lib/gcc/arm-none-eabi/13.3.0/../../../../arm-none-eabi/lib/thumb/v7e-m+fp/hard\libm.a(libm_a-wf_asin.o)
                0x080003c4                asinf
 .text          0x0800041c        0x4 C:/msys64/mingw64/bin/../lib/gcc/arm-none-eabi/13.3.0/../../../../arm-none-eabi/lib/thumb/v7e-m+fp/hard\libm.a(libm_a-wf_atan2.o)
                0x0800041c                atan2f
 .text          0x08000420       0x10 C:/msys64/mingw64/bin/../lib/gcc/arm-none-eabi/13.3.0/../../../../arm-none-eabi/lib/thumb/v7e-m+fp/hard\libm.a(libm_a-sf_fabs.o)
                0x08000420                fabsf
 .text          0x08000430        0xc C:/msys64/mingw64/bin/../lib/gcc/arm-none-eabi/13.3.0/../../../../arm-none-eabi/lib/thumb/v7e-m+fp/hard\libm.a(libm_a-sf_nan.o)
                0x08000430                nanf
 .text          0x0800043c      0x1f8 C:/msys64/mingw64/bin/../lib/gcc/arm-none-eabi/13.3.0/../../../../arm-none-eabi/lib/thumb/v7e-m+fp/hard\libm.a(libm_a-ef_asin.o)
                0x0800043c                __ieee754_asinf
 .text          0x08000634      0x14c C:/msys64/mingw64/bin/../lib/gcc/arm-none-eabi/13.3.0/../../../../arm-none-eabi/lib/thumb/v7e-m+fp/hard\libm.a(libm_a-ef_atan2.o)
                0x08000634                __ieee754_atan2f
 .text          0x08000780      0x1a0 C:/msys64/mingw64/bin/../lib/gcc/arm-none-eabi/13.3.0/../../../../arm-none-eabi/lib/thumb/v7e-m+fp/hard\libm.a(libm_a-sf_atan.o)
                0x08000780                atanf
 .text          0x08000920        0x8 C:/msys64/mingw64/bin/../lib/gcc/arm-none-eabi/13.3.0/../../../../arm-none-eabi/lib/thumb/v7e-m+fp/hard\libm.a(libm_a-ef_sqrt.o)
                0x08000920                __ieee754_sqrtf
 .text          0x08000928      0x378 C:/msys64/mingw64/bin/../lib/gcc/arm-none-eabi/13.3.0/thumb/v7e-m+fp/hard\libgcc.a(_arm_addsubdf3.o)
                0x08000928                __aeabi_drsub
                0x08000930                __aeabi_dsub
                0x08000930                __subdf3
                0x08000934                __aeabi_dadd
                0x08000934                __adddf3
                0x08000bac                __floatunsidf
                0x08000bac                __aeabi_ui2d
                0x08000bcc                __floatsidf
                0x08000bcc                __aeabi_i2d
                0x08000bf0                __aeabi_f2d
                0x08000bf0                __extendsfdf2
                0x08000c34                __floatundidf
                0x08000c34                __aeabi_ul2d
                0x08000c44                __floatdidf
                0x08000c44                __aeabi_l2d
 .text          0x08000ca0      0x424 C:/msys64/mingw64/bin/../lib/gcc/arm-none-eabi/13.3.0/thumb/v7e-m+fp/hard\libgcc.a(_arm_muldivdf3.o)
                0x08000ca0                __aeabi_dmul
                0x08000ca0                __muldf3
                0x08000ef4                __divdf3
                0x08000ef4                __aeabi_ddiv
 .text          0x080010c4       0xa0 C:/msys64/mingw64/bin/../lib/gcc/arm-none-eabi/13.3.0/thumb/v7e-m+fp/hard\libgcc.a(_arm_truncdfsf2.o)
                0x080010c4                __truncdfsf2
                0x080010c4                __aeabi_d2f
 .text          0x08001164       0x30 C:/msys64/mingw64/bin/../lib/gcc/arm-none-eabi/13.3.0/thumb/v7e-m+fp/hard\libgcc.a(_aeabi_uldivmod.o)
                0x08001164                __aeabi_uldivmod
 .text          0x08001194        0x4 C:/msys64/mingw64/bin/../lib/gcc/arm-none-eabi/13.3.0/thumb/v7e-m+fp/hard\libgcc.a(_dvmd_tls.o)
                0x08001194                __aeabi_idiv0
                0x08001194                __aeabi_ldiv0
 *(.text*)
 .text.__do_global_dtors_aux
                0x08001198       0x24 C:/msys64/mingw64/bin/../lib/gcc/arm-none-eabi/13.3.0/thumb/v7e-m+fp/hard/crtbegin.o
 .text.frame_dummy
                0x080011bc       0x1c C:/msys64/mingw64/bin/../lib/gcc/arm-none-eabi/13.3.0/thumb/v7e-m+fp/hard/crtbegin.o
 .text.SystemClock_Config
                0x080011d8       0x9c build/main.o
                0x080011d8                SystemClock_Config
 .text.main     0x08001274       0x90 build/main.o
                0x08001274                main
 .text.HAL_TIM_PeriodElapsedCallback
                0x08001304       0x12 build/main.o
                0x08001304                HAL_TIM_PeriodElapsedCallback
 .text.Error_Handler
                0x08001316        0x2 build/main.o
                0x08001316                Error_Handler
 .text.MX_GPIO_Init
                0x08001318      0x204 build/gpio.o
                0x08001318                MX_GPIO_Init
 .text.StartINSTask
                0x0800151c       0x12 build/freertos.o
                0x0800151c                StartINSTask
 .text.StartDetectTask
                0x0800152e       0x12 build/freertos.o
                0x0800152e                StartDetectTask
 .text.StartChassisTask
                0x08001540       0x1a build/freertos.o
                0x08001540                StartChassisTask
 *fill*         0x0800155a        0x2 
 .text.vApplicationGetIdleTaskMemory
                0x0800155c       0x18 build/freertos.o
                0x0800155c                vApplicationGetIdleTaskMemory
 .text.vApplicationGetTimerTaskMemory
                0x08001574       0x18 build/freertos.o
                0x08001574                vApplicationGetTimerTaskMemory
 .text.MX_FREERTOS_Init
                0x0800158c       0x84 build/freertos.o
                0x0800158c                MX_FREERTOS_Init
 .text.MX_ADC1_Init
                0x08001610       0x70 build/adc.o
                0x08001610                MX_ADC1_Init
 .text.MX_ADC3_Init
                0x08001680       0x70 build/adc.o
                0x08001680                MX_ADC3_Init
 .text.HAL_ADC_MspInit
                0x080016f0       0x90 build/adc.o
                0x080016f0                HAL_ADC_MspInit
 .text.MX_CAN1_Init
                0x08001780       0x44 build/can.o
                0x08001780                MX_CAN1_Init
 .text.MX_CAN2_Init
                0x080017c4       0x44 build/can.o
                0x080017c4                MX_CAN2_Init
 .text.HAL_CAN_MspInit
                0x08001808      0x120 build/can.o
                0x08001808                HAL_CAN_MspInit
 .text.MX_DMA_Init
                0x08001928       0xb8 build/dma.o
                0x08001928                MX_DMA_Init
 .text.MX_I2C1_Init
                0x080019e0       0x3c build/i2c.o
                0x080019e0                MX_I2C1_Init
 .text.MX_I2C2_Init
                0x08001a1c       0x3c build/i2c.o
                0x08001a1c                MX_I2C2_Init
 .text.MX_I2C3_Init
                0x08001a58       0x3c build/i2c.o
                0x08001a58                MX_I2C3_Init
 .text.HAL_I2C_MspInit
                0x08001a94      0x1a4 build/i2c.o
                0x08001a94                HAL_I2C_MspInit
 .text.MX_SPI1_Init
                0x08001c38       0x48 build/spi.o
                0x08001c38                MX_SPI1_Init
 .text.MX_SPI2_Init
                0x08001c80       0x48 build/spi.o
                0x08001c80                MX_SPI2_Init
 .text.HAL_SPI_MspInit
                0x08001cc8      0x188 build/spi.o
                0x08001cc8                HAL_SPI_MspInit
 .text.MX_TIM3_Init
                0x08001e50       0x6c build/tim.o
                0x08001e50                MX_TIM3_Init
 .text.HAL_TIM_Base_MspInit
                0x08001ebc       0xe4 build/tim.o
                0x08001ebc                HAL_TIM_Base_MspInit
 .text.HAL_TIM_MspPostInit
                0x08001fa0      0x168 build/tim.o
                0x08001fa0                HAL_TIM_MspPostInit
 .text.MX_TIM1_Init
                0x08002108      0x124 build/tim.o
                0x08002108                MX_TIM1_Init
 .text.MX_TIM4_Init
                0x0800222c       0xb0 build/tim.o
                0x0800222c                MX_TIM4_Init
 .text.MX_TIM5_Init
                0x080022dc       0xd4 build/tim.o
                0x080022dc                MX_TIM5_Init
 .text.MX_TIM8_Init
                0x080023b0       0xec build/tim.o
                0x080023b0                MX_TIM8_Init
 .text.MX_TIM10_Init
                0x0800249c       0x74 build/tim.o
                0x0800249c                MX_TIM10_Init
 .text.MX_USART1_UART_Init
                0x08002510       0x34 build/usart.o
                0x08002510                MX_USART1_UART_Init
 .text.MX_USART3_UART_Init
                0x08002544       0x3c build/usart.o
                0x08002544                MX_USART3_UART_Init
 .text.MX_USART6_UART_Init
                0x08002580       0x34 build/usart.o
                0x08002580                MX_USART6_UART_Init
 .text.HAL_UART_MspInit
                0x080025b4      0x2cc build/usart.o
                0x080025b4                HAL_UART_MspInit
 .text.NMI_Handler
                0x08002880        0x2 build/stm32f4xx_it.o
                0x08002880                NMI_Handler
 .text.HardFault_Handler
                0x08002882        0xe build/stm32f4xx_it.o
                0x08002882                HardFault_Handler
 .text.MemManage_Handler
                0x08002890        0x2 build/stm32f4xx_it.o
                0x08002890                MemManage_Handler
 .text.BusFault_Handler
                0x08002892        0x2 build/stm32f4xx_it.o
                0x08002892                BusFault_Handler
 .text.UsageFault_Handler
                0x08002894        0x2 build/stm32f4xx_it.o
                0x08002894                UsageFault_Handler
 .text.DebugMon_Handler
                0x08002896        0x2 build/stm32f4xx_it.o
                0x08002896                DebugMon_Handler
 .text.EXTI3_IRQHandler
                0x08002898        0xa build/stm32f4xx_it.o
                0x08002898                EXTI3_IRQHandler
 .text.EXTI4_IRQHandler
                0x080028a2        0xa build/stm32f4xx_it.o
                0x080028a2                EXTI4_IRQHandler
 .text.CAN1_RX0_IRQHandler
                0x080028ac       0x10 build/stm32f4xx_it.o
                0x080028ac                CAN1_RX0_IRQHandler
 .text.EXTI9_5_IRQHandler
                0x080028bc       0x16 build/stm32f4xx_it.o
                0x080028bc                EXTI9_5_IRQHandler
 *fill*         0x080028d2        0x2 
 .text.TIM2_IRQHandler
                0x080028d4       0x10 build/stm32f4xx_it.o
                0x080028d4                TIM2_IRQHandler
 .text.USART1_IRQHandler
                0x080028e4       0x10 build/stm32f4xx_it.o
                0x080028e4                USART1_IRQHandler
 .text.USART3_IRQHandler
                0x080028f4       0x10 build/stm32f4xx_it.o
                0x080028f4                USART3_IRQHandler
 .text.DMA2_Stream1_IRQHandler
                0x08002904       0x10 build/stm32f4xx_it.o
                0x08002904                DMA2_Stream1_IRQHandler
 .text.CAN2_RX0_IRQHandler
                0x08002914       0x10 build/stm32f4xx_it.o
                0x08002914                CAN2_RX0_IRQHandler
 .text.DMA2_Stream5_IRQHandler
                0x08002924       0x10 build/stm32f4xx_it.o
                0x08002924                DMA2_Stream5_IRQHandler
 .text.DMA2_Stream6_IRQHandler
                0x08002934       0x10 build/stm32f4xx_it.o
                0x08002934                DMA2_Stream6_IRQHandler
 .text.DMA2_Stream7_IRQHandler
                0x08002944       0x10 build/stm32f4xx_it.o
                0x08002944                DMA2_Stream7_IRQHandler
 .text.USART6_IRQHandler
                0x08002954       0x10 build/stm32f4xx_it.o
                0x08002954                USART6_IRQHandler
 .text.HAL_MspInit
                0x08002964       0x44 build/stm32f4xx_hal_msp.o
                0x08002964                HAL_MspInit
 .text.HAL_InitTick
                0x080029a8       0x78 build/stm32f4xx_hal_timebase_tim.o
                0x080029a8                HAL_InitTick
 .text.ADC_Init
                0x08002a20      0x134 build/stm32f4xx_hal_adc.o
 .text.HAL_ADC_Init
                0x08002b54       0x56 build/stm32f4xx_hal_adc.o
                0x08002b54                HAL_ADC_Init
 *fill*         0x08002baa        0x2 
 .text.HAL_ADC_Start
                0x08002bac      0x130 build/stm32f4xx_hal_adc.o
                0x08002bac                HAL_ADC_Start
 .text.HAL_ADC_PollForConversion
                0x08002cdc       0xac build/stm32f4xx_hal_adc.o
                0x08002cdc                HAL_ADC_PollForConversion
 .text.HAL_ADC_GetValue
                0x08002d88        0x6 build/stm32f4xx_hal_adc.o
                0x08002d88                HAL_ADC_GetValue
 *fill*         0x08002d8e        0x2 
 .text.HAL_ADC_ConfigChannel
                0x08002d90      0x194 build/stm32f4xx_hal_adc.o
                0x08002d90                HAL_ADC_ConfigChannel
 .text.HAL_RCC_OscConfig
                0x08002f24      0x3ec build/stm32f4xx_hal_rcc.o
                0x08002f24                HAL_RCC_OscConfig
 .text.HAL_RCC_GetSysClockFreq
                0x08003310       0xa8 build/stm32f4xx_hal_rcc.o
                0x08003310                HAL_RCC_GetSysClockFreq
 .text.HAL_RCC_ClockConfig
                0x080033b8      0x160 build/stm32f4xx_hal_rcc.o
                0x080033b8                HAL_RCC_ClockConfig
 .text.HAL_RCC_GetHCLKFreq
                0x08003518        0xc build/stm32f4xx_hal_rcc.o
                0x08003518                HAL_RCC_GetHCLKFreq
 .text.HAL_RCC_GetPCLK1Freq
                0x08003524       0x20 build/stm32f4xx_hal_rcc.o
                0x08003524                HAL_RCC_GetPCLK1Freq
 .text.HAL_RCC_GetPCLK2Freq
                0x08003544       0x20 build/stm32f4xx_hal_rcc.o
                0x08003544                HAL_RCC_GetPCLK2Freq
 .text.HAL_RCC_GetClockConfig
                0x08003564       0x3c build/stm32f4xx_hal_rcc.o
                0x08003564                HAL_RCC_GetClockConfig
 .text.HAL_GPIO_Init
                0x080035a0      0x1d0 build/stm32f4xx_hal_gpio.o
                0x080035a0                HAL_GPIO_Init
 .text.HAL_GPIO_WritePin
                0x08003770        0xc build/stm32f4xx_hal_gpio.o
                0x08003770                HAL_GPIO_WritePin
 .text.HAL_GPIO_EXTI_Callback
                0x0800377c        0x2 build/stm32f4xx_hal_gpio.o
                0x0800377c                HAL_GPIO_EXTI_Callback
 *fill*         0x0800377e        0x2 
 .text.HAL_GPIO_EXTI_IRQHandler
                0x08003780       0x1c build/stm32f4xx_hal_gpio.o
                0x08003780                HAL_GPIO_EXTI_IRQHandler
 .text.DMA_CalcBaseAndBitshift
                0x0800379c       0x3c build/stm32f4xx_hal_dma.o
 .text.DMA_CheckFifoParam
                0x080037d8       0x8e build/stm32f4xx_hal_dma.o
 *fill*         0x08003866        0x2 
 .text.HAL_DMA_Init
                0x08003868       0xcc build/stm32f4xx_hal_dma.o
                0x08003868                HAL_DMA_Init
 .text.HAL_DMA_IRQHandler
                0x08003934      0x1dc build/stm32f4xx_hal_dma.o
                0x08003934                HAL_DMA_IRQHandler
 .text.__NVIC_SetPriority
                0x08003b10       0x28 build/stm32f4xx_hal_cortex.o
 .text.NVIC_EncodePriority
                0x08003b38       0x3e build/stm32f4xx_hal_cortex.o
 *fill*         0x08003b76        0x2 
 .text.__NVIC_SystemReset
                0x08003b78       0x24 build/stm32f4xx_hal_cortex.o
 .text.HAL_NVIC_SetPriorityGrouping
                0x08003b9c       0x24 build/stm32f4xx_hal_cortex.o
                0x08003b9c                HAL_NVIC_SetPriorityGrouping
 .text.HAL_NVIC_SetPriority
                0x08003bc0       0x20 build/stm32f4xx_hal_cortex.o
                0x08003bc0                HAL_NVIC_SetPriority
 .text.HAL_NVIC_EnableIRQ
                0x08003be0       0x1c build/stm32f4xx_hal_cortex.o
                0x08003be0                HAL_NVIC_EnableIRQ
 .text.HAL_NVIC_SystemReset
                0x08003bfc        0x6 build/stm32f4xx_hal_cortex.o
                0x08003bfc                HAL_NVIC_SystemReset
 *fill*         0x08003c02        0x2 
 .text.HAL_Init
                0x08003c04       0x34 build/stm32f4xx_hal.o
                0x08003c04                HAL_Init
 .text.HAL_IncTick
                0x08003c38       0x18 build/stm32f4xx_hal.o
                0x08003c38                HAL_IncTick
 .text.HAL_GetTick
                0x08003c50        0xc build/stm32f4xx_hal.o
                0x08003c50                HAL_GetTick
 .text.HAL_Delay
                0x08003c5c       0x28 build/stm32f4xx_hal.o
                0x08003c5c                HAL_Delay
 .text.HAL_CAN_Init
                0x08003c84      0x14c build/stm32f4xx_hal_can.o
                0x08003c84                HAL_CAN_Init
 .text.HAL_CAN_ConfigFilter
                0x08003dd0      0x138 build/stm32f4xx_hal_can.o
                0x08003dd0                HAL_CAN_ConfigFilter
 .text.HAL_CAN_Start
                0x08003f08       0x5c build/stm32f4xx_hal_can.o
                0x08003f08                HAL_CAN_Start
 .text.HAL_CAN_AddTxMessage
                0x08003f64       0xfc build/stm32f4xx_hal_can.o
                0x08003f64                HAL_CAN_AddTxMessage
 .text.HAL_CAN_AbortTxRequest
                0x08004060       0x4c build/stm32f4xx_hal_can.o
                0x08004060                HAL_CAN_AbortTxRequest
 .text.HAL_CAN_GetTxMailboxesFreeLevel
                0x080040ac       0x32 build/stm32f4xx_hal_can.o
                0x080040ac                HAL_CAN_GetTxMailboxesFreeLevel
 .text.HAL_CAN_GetRxMessage
                0x080040de      0x14a build/stm32f4xx_hal_can.o
                0x080040de                HAL_CAN_GetRxMessage
 .text.HAL_CAN_ActivateNotification
                0x08004228       0x24 build/stm32f4xx_hal_can.o
                0x08004228                HAL_CAN_ActivateNotification
 .text.HAL_CAN_TxMailbox0CompleteCallback
                0x0800424c        0x2 build/stm32f4xx_hal_can.o
                0x0800424c                HAL_CAN_TxMailbox0CompleteCallback
 .text.HAL_CAN_TxMailbox1CompleteCallback
                0x0800424e        0x2 build/stm32f4xx_hal_can.o
                0x0800424e                HAL_CAN_TxMailbox1CompleteCallback
 .text.HAL_CAN_TxMailbox2CompleteCallback
                0x08004250        0x2 build/stm32f4xx_hal_can.o
                0x08004250                HAL_CAN_TxMailbox2CompleteCallback
 .text.HAL_CAN_TxMailbox0AbortCallback
                0x08004252        0x2 build/stm32f4xx_hal_can.o
                0x08004252                HAL_CAN_TxMailbox0AbortCallback
 .text.HAL_CAN_TxMailbox1AbortCallback
                0x08004254        0x2 build/stm32f4xx_hal_can.o
                0x08004254                HAL_CAN_TxMailbox1AbortCallback
 .text.HAL_CAN_TxMailbox2AbortCallback
                0x08004256        0x2 build/stm32f4xx_hal_can.o
                0x08004256                HAL_CAN_TxMailbox2AbortCallback
 .text.HAL_CAN_RxFifo0FullCallback
                0x08004258        0x2 build/stm32f4xx_hal_can.o
                0x08004258                HAL_CAN_RxFifo0FullCallback
 .text.HAL_CAN_RxFifo1MsgPendingCallback
                0x0800425a        0x2 build/stm32f4xx_hal_can.o
                0x0800425a                HAL_CAN_RxFifo1MsgPendingCallback
 .text.HAL_CAN_RxFifo1FullCallback
                0x0800425c        0x2 build/stm32f4xx_hal_can.o
                0x0800425c                HAL_CAN_RxFifo1FullCallback
 .text.HAL_CAN_SleepCallback
                0x0800425e        0x2 build/stm32f4xx_hal_can.o
                0x0800425e                HAL_CAN_SleepCallback
 .text.HAL_CAN_WakeUpFromRxMsgCallback
                0x08004260        0x2 build/stm32f4xx_hal_can.o
                0x08004260                HAL_CAN_WakeUpFromRxMsgCallback
 .text.HAL_CAN_ErrorCallback
                0x08004262        0x2 build/stm32f4xx_hal_can.o
                0x08004262                HAL_CAN_ErrorCallback
 .text.HAL_CAN_IRQHandler
                0x08004264      0x250 build/stm32f4xx_hal_can.o
                0x08004264                HAL_CAN_IRQHandler
 .text.HAL_CAN_GetError
                0x080044b4        0x4 build/stm32f4xx_hal_can.o
                0x080044b4                HAL_CAN_GetError
 .text.HAL_I2C_Init
                0x080044b8      0x1bc build/stm32f4xx_hal_i2c.o
                0x080044b8                HAL_I2C_Init
 .text.SPI_WaitFlagStateUntilTimeout
                0x08004674       0x94 build/stm32f4xx_hal_spi.o
 .text.SPI_EndRxTxTransaction
                0x08004708       0x68 build/stm32f4xx_hal_spi.o
 .text.HAL_SPI_Init
                0x08004770       0x80 build/stm32f4xx_hal_spi.o
                0x08004770                HAL_SPI_Init
 .text.HAL_SPI_TransmitReceive
                0x080047f0      0x238 build/stm32f4xx_hal_spi.o
                0x080047f0                HAL_SPI_TransmitReceive
 .text.TIM_OC1_SetConfig
                0x08004a28       0x70 build/stm32f4xx_hal_tim.o
 .text.TIM_OC3_SetConfig
                0x08004a98       0x70 build/stm32f4xx_hal_tim.o
 .text.TIM_OC4_SetConfig
                0x08004b08       0x50 build/stm32f4xx_hal_tim.o
 .text.TIM_TI1_ConfigInputStage
                0x08004b58       0x26 build/stm32f4xx_hal_tim.o
 .text.TIM_TI2_ConfigInputStage
                0x08004b7e       0x28 build/stm32f4xx_hal_tim.o
 .text.TIM_ITRx_SetConfig
                0x08004ba6       0x10 build/stm32f4xx_hal_tim.o
 .text.HAL_TIM_Base_Start_IT
                0x08004bb6       0x22 build/stm32f4xx_hal_tim.o
                0x08004bb6                HAL_TIM_Base_Start_IT
 .text.HAL_TIM_PWM_MspInit
                0x08004bd8        0x2 build/stm32f4xx_hal_tim.o
                0x08004bd8                HAL_TIM_PWM_MspInit
 .text.HAL_TIM_OC_DelayElapsedCallback
                0x08004bda        0x2 build/stm32f4xx_hal_tim.o
                0x08004bda                HAL_TIM_OC_DelayElapsedCallback
 .text.HAL_TIM_IC_CaptureCallback
                0x08004bdc        0x2 build/stm32f4xx_hal_tim.o
                0x08004bdc                HAL_TIM_IC_CaptureCallback
 .text.HAL_TIM_PWM_PulseFinishedCallback
                0x08004bde        0x2 build/stm32f4xx_hal_tim.o
                0x08004bde                HAL_TIM_PWM_PulseFinishedCallback
 .text.HAL_TIM_TriggerCallback
                0x08004be0        0x2 build/stm32f4xx_hal_tim.o
                0x08004be0                HAL_TIM_TriggerCallback
 .text.HAL_TIM_IRQHandler
                0x08004be2      0x17a build/stm32f4xx_hal_tim.o
                0x08004be2                HAL_TIM_IRQHandler
 .text.TIM_Base_SetConfig
                0x08004d5c       0xc8 build/stm32f4xx_hal_tim.o
                0x08004d5c                TIM_Base_SetConfig
 .text.HAL_TIM_Base_Init
                0x08004e24       0x34 build/stm32f4xx_hal_tim.o
                0x08004e24                HAL_TIM_Base_Init
 .text.HAL_TIM_PWM_Init
                0x08004e58       0x34 build/stm32f4xx_hal_tim.o
                0x08004e58                HAL_TIM_PWM_Init
 .text.TIM_OC2_SetConfig
                0x08004e8c       0x70 build/stm32f4xx_hal_tim.o
                0x08004e8c                TIM_OC2_SetConfig
 .text.HAL_TIM_PWM_ConfigChannel
                0x08004efc       0xdc build/stm32f4xx_hal_tim.o
                0x08004efc                HAL_TIM_PWM_ConfigChannel
 .text.TIM_ETR_SetConfig
                0x08004fd8       0x1a build/stm32f4xx_hal_tim.o
                0x08004fd8                TIM_ETR_SetConfig
 .text.HAL_TIM_ConfigClockSource
                0x08004ff2       0xda build/stm32f4xx_hal_tim.o
                0x08004ff2                HAL_TIM_ConfigClockSource
 .text.HAL_TIMEx_MasterConfigSynchronization
                0x080050cc       0x8c build/stm32f4xx_hal_tim_ex.o
                0x080050cc                HAL_TIMEx_MasterConfigSynchronization
 .text.HAL_TIMEx_ConfigBreakDeadTime
                0x08005158       0x52 build/stm32f4xx_hal_tim_ex.o
                0x08005158                HAL_TIMEx_ConfigBreakDeadTime
 .text.HAL_TIMEx_CommutCallback
                0x080051aa        0x2 build/stm32f4xx_hal_tim_ex.o
                0x080051aa                HAL_TIMEx_CommutCallback
 .text.HAL_TIMEx_BreakCallback
                0x080051ac        0x2 build/stm32f4xx_hal_tim_ex.o
                0x080051ac                HAL_TIMEx_BreakCallback
 *fill*         0x080051ae        0x2 
 .text.UART_SetConfig
                0x080051b0      0x1d4 build/stm32f4xx_hal_uart.o
 .text.HAL_UART_Init
                0x08005384       0x5e build/stm32f4xx_hal_uart.o
                0x08005384                HAL_UART_Init
 .text.HAL_UART_TxCpltCallback
                0x080053e2        0x2 build/stm32f4xx_hal_uart.o
                0x080053e2                HAL_UART_TxCpltCallback
 .text.SystemInit
                0x080053e4       0x1c build/system_stm32f4xx.o
                0x080053e4                SystemInit
 .text.vListInitialise
                0x08005400       0x16 build/list.o
                0x08005400                vListInitialise
 .text.vListInitialiseItem
                0x08005416        0x6 build/list.o
                0x08005416                vListInitialiseItem
 .text.vListInsertEnd
                0x0800541c       0x16 build/list.o
                0x0800541c                vListInsertEnd
 .text.vListInsert
                0x08005432       0x32 build/list.o
                0x08005432                vListInsert
 .text.uxListRemove
                0x08005464       0x26 build/list.o
                0x08005464                uxListRemove
 .text.prvIsQueueFull
                0x0800548a       0x1e build/queue.o
 .text.prvIsQueueEmpty
                0x080054a8       0x1a build/queue.o
 .text.prvCopyDataToQueue
                0x080054c2       0x76 build/queue.o
 .text.prvCopyDataFromQueue
                0x08005538       0x24 build/queue.o
 .text.prvUnlockQueue
                0x0800555c       0x6e build/queue.o
 .text.xQueueGenericReset
                0x080055ca       0x84 build/queue.o
                0x080055ca                xQueueGenericReset
 .text.prvInitialiseNewQueue
                0x0800564e       0x1c build/queue.o
 .text.xQueueGenericCreateStatic
                0x0800566a       0x94 build/queue.o
                0x0800566a                xQueueGenericCreateStatic
 .text.xQueueGenericSend
                0x080056fe      0x188 build/queue.o
                0x080056fe                xQueueGenericSend
 .text.xQueueGenericSendFromISR
                0x08005886       0xcc build/queue.o
                0x08005886                xQueueGenericSendFromISR
 .text.xQueueReceive
                0x08005952      0x15e build/queue.o
                0x08005952                xQueueReceive
 .text.vQueueAddToRegistry
                0x08005ab0       0x28 build/queue.o
                0x08005ab0                vQueueAddToRegistry
 .text.vQueueWaitForMessageRestricted
                0x08005ad8       0x52 build/queue.o
                0x08005ad8                vQueueWaitForMessageRestricted
 *fill*         0x08005b2a        0x2 
 .text.prvResetNextTaskUnblockTime
                0x08005b2c       0x2c build/tasks.o
 .text.prvInitialiseNewTask
                0x08005b58       0xa6 build/tasks.o
 *fill*         0x08005bfe        0x2 
 .text.prvInitialiseTaskLists
                0x08005c00       0x68 build/tasks.o
 .text.prvAddNewTaskToReadyList
                0x08005c68       0xa8 build/tasks.o
 .text.prvDeleteTCB
                0x08005d10       0x38 build/tasks.o
 .text.prvCheckTasksWaitingTermination
                0x08005d48       0x4c build/tasks.o
 .text.prvIdleTask
                0x08005d94       0x28 build/tasks.o
 .text.prvAddCurrentTaskToDelayedList
                0x08005dbc       0xa0 build/tasks.o
 .text.xTaskCreateStatic
                0x08005e5c       0x76 build/tasks.o
                0x08005e5c                xTaskCreateStatic
 .text.xTaskCreate
                0x08005ed2       0x64 build/tasks.o
                0x08005ed2                xTaskCreate
 *fill*         0x08005f36        0x2 
 .text.vTaskStartScheduler
                0x08005f38       0x98 build/tasks.o
                0x08005f38                vTaskStartScheduler
 .text.vTaskSuspendAll
                0x08005fd0       0x10 build/tasks.o
                0x08005fd0                vTaskSuspendAll
 .text.xTaskGetTickCount
                0x08005fe0        0xc build/tasks.o
                0x08005fe0                xTaskGetTickCount
 .text.xTaskIncrementTick
                0x08005fec      0x118 build/tasks.o
                0x08005fec                xTaskIncrementTick
 .text.xTaskResumeAll
                0x08006104       0xf8 build/tasks.o
                0x08006104                xTaskResumeAll
 .text.vTaskDelay
                0x080061fc       0x4c build/tasks.o
                0x080061fc                vTaskDelay
 .text.vTaskSwitchContext
                0x08006248       0x98 build/tasks.o
                0x08006248                vTaskSwitchContext
 .text.vTaskPlaceOnEventList
                0x080062e0       0x30 build/tasks.o
                0x080062e0                vTaskPlaceOnEventList
 .text.vTaskPlaceOnEventListRestricted
                0x08006310       0x38 build/tasks.o
                0x08006310                vTaskPlaceOnEventListRestricted
 .text.xTaskRemoveFromEventList
                0x08006348       0x8c build/tasks.o
                0x08006348                xTaskRemoveFromEventList
 .text.vTaskInternalSetTimeOutState
                0x080063d4       0x18 build/tasks.o
                0x080063d4                vTaskInternalSetTimeOutState
 .text.xTaskCheckForTimeOut
                0x080063ec       0xa0 build/tasks.o
                0x080063ec                xTaskCheckForTimeOut
 .text.vTaskMissedYield
                0x0800648c        0xc build/tasks.o
                0x0800648c                vTaskMissedYield
 .text.xTaskGetSchedulerState
                0x08006498       0x20 build/tasks.o
                0x08006498                xTaskGetSchedulerState
 .text.xTaskPriorityDisinherit
                0x080064b8       0xb0 build/tasks.o
                0x080064b8                xTaskPriorityDisinherit
 .text.prvGetNextExpireTime
                0x08006568       0x20 build/timers.o
 .text.prvInsertTimerInActiveList
                0x08006588       0x48 build/timers.o
 .text.prvCheckForValidListAndQueue
                0x080065d0       0x70 build/timers.o
 .text.xTimerCreateTimerTask
                0x08006640       0x64 build/timers.o
                0x08006640                xTimerCreateTimerTask
 .text.xTimerGenericCommand
                0x080066a4       0x6c build/timers.o
                0x080066a4                xTimerGenericCommand
 .text.prvSwitchTimerLists
                0x08006710       0x7c build/timers.o
 .text.prvSampleTimeNow
                0x0800678c       0x2c build/timers.o
 .text.prvProcessExpiredTimer
                0x080067b8       0x6c build/timers.o
 .text.prvProcessTimerOrBlockTask
                0x08006824       0x74 build/timers.o
 .text.prvProcessReceivedCommands
                0x08006898      0x10c build/timers.o
 .text.prvTimerTask
                0x080069a4       0x16 build/timers.o
 .text.makeFreeRtosPriority
                0x080069ba        0xc build/cmsis_os.o
 .text.osKernelStart
                0x080069c6        0xa build/cmsis_os.o
                0x080069c6                osKernelStart
 .text.osThreadCreate
                0x080069d0       0x66 build/cmsis_os.o
                0x080069d0                osThreadCreate
 .text.osDelay  0x08006a36        0xe build/cmsis_os.o
                0x08006a36                osDelay
 .text.prvHeapInit
                0x08006a44       0x64 build/heap_4.o
 .text.prvInsertBlockIntoFreeList
                0x08006aa8       0x64 build/heap_4.o
 .text.pvPortMalloc
                0x08006b0c       0xf8 build/heap_4.o
                0x08006b0c                pvPortMalloc
 .text.vPortFree
                0x08006c04       0x70 build/heap_4.o
                0x08006c04                vPortFree
 .text.prvTaskExitError
                0x08006c74       0x40 build/port.o
 .text.prvPortStartFirstTask
                0x08006cb4       0x28 build/port.o
 .text.vPortEnableVFP
                0x08006cdc       0x14 build/port.o
 .text.pxPortInitialiseStack
                0x08006cf0       0x2c build/port.o
                0x08006cf0                pxPortInitialiseStack
 *fill*         0x08006d1c        0x4 
 .text.SVC_Handler
                0x08006d20       0x24 build/port.o
                0x08006d20                SVC_Handler
 .text.vPortEnterCritical
                0x08006d44       0x44 build/port.o
                0x08006d44                vPortEnterCritical
 .text.vPortExitCritical
                0x08006d88       0x2c build/port.o
                0x08006d88                vPortExitCritical
 *fill*         0x08006db4        0xc 
 .text.PendSV_Handler
                0x08006dc0       0x64 build/port.o
                0x08006dc0                PendSV_Handler
 .text.SysTick_Handler
                0x08006e24       0x2c build/port.o
                0x08006e24                SysTick_Handler
 .text.vPortSetupTimerInterrupt
                0x08006e50       0x28 build/port.o
                0x08006e50                vPortSetupTimerInterrupt
 .text.xPortStartScheduler
                0x08006e78      0x118 build/port.o
                0x08006e78                xPortStartScheduler
 .text.vPortValidateInterruptPriority
                0x08006f90       0x5c build/port.o
                0x08006f90                vPortValidateInterruptPriority
 .text.Send_Motor_Current
                0x08006fec       0x48 build/motor.o
 .text.Motor_Speed_Calculate
                0x08007034       0x68 build/motor.o
                0x08007034                Motor_Speed_Calculate
 *fill*         0x0800709c        0x4 
 .text.get_moto_info
                0x080070a0      0x194 build/motor.o
                0x080070a0                get_moto_info
 .text.get_moto_offset
                0x08007234       0x10 build/motor.o
                0x08007234                get_moto_offset
 .text.Send_Motor_Current_1_4
                0x08007244       0x1c build/motor.o
                0x08007244                Send_Motor_Current_1_4
 .text.Remote_Control_Init
                0x08007260       0x18 build/remote_control.o
                0x08007260                Remote_Control_Init
 .text.Callback_RC_Handle
                0x08007278      0x104 build/remote_control.o
                0x08007278                Callback_RC_Handle
 .text.Solve_RC_Data_Error
                0x0800737c       0x18 build/remote_control.o
                0x0800737c                Solve_RC_Data_Error
 .text.RC_Data_is_Error
                0x08007394       0x84 build/remote_control.o
                0x08007394                RC_Data_is_Error
 .text.Max_4    0x08007418       0x58 build/chassis_task.o
 .text.Velocity_MAXLimit
                0x08007470       0xb0 build/chassis_task.o
 .text.Chassis_Set_Mode
                0x08007520       0x4c build/chassis_task.o
 .text.Chassis_Get_CtrlValue
                0x0800756c      0x260 build/chassis_task.o
 .text.Chassis_Set_Control
                0x080077cc      0x1ac build/chassis_task.o
 .text.Send_Chassis_Current
                0x08007978       0x78 build/chassis_task.o
 .text.Chassis_Init
                0x080079f0       0xb0 build/chassis_task.o
                0x080079f0                Chassis_Init
 .text.Chassis_Control
                0x08007aa0       0x28 build/chassis_task.o
                0x08007aa0                Chassis_Control
 .text.Detect_Init
                0x08007ac8       0xf0 build/detect_task.o
 .text.Detect_Task_Init
                0x08007bb8       0x1c build/detect_task.o
                0x08007bb8                Detect_Task_Init
 .text.Detect_Task
                0x08007bd4      0x1b0 build/detect_task.o
                0x08007bd4                Detect_Task
 .text.is_TOE_Error
                0x08007d84       0x14 build/detect_task.o
                0x08007d84                is_TOE_Error
 .text.Detect_Hook
                0x08007d98       0x84 build/detect_task.o
                0x08007d98                Detect_Hook
 .text.INS_Init
                0x08007e1c       0x18 build/ins_task.o
                0x08007e1c                INS_Init
 .text.INS_Task
                0x08007e34       0xdc build/ins_task.o
                0x08007e34                INS_Task
 .text.invSqrt  0x08007f10       0x30 build/QuaternionAHRS.o
 .text.Quaternion_AHRS_UpdateIMU
                0x08007f40      0x36c build/QuaternionAHRS.o
                0x08007f40                Quaternion_AHRS_UpdateIMU
 .text.Get_EulerAngle
                0x080082ac      0x1a4 build/QuaternionAHRS.o
                0x080082ac                Get_EulerAngle
 .text.InsertQuaternionFrame
                0x08008450       0x52 build/QuaternionAHRS.o
                0x08008450                InsertQuaternionFrame
 *fill*         0x080084a2        0x2 
 .text.gEstimateKF_Tuning
                0x080084a4       0xf8 build/GravityEstimateKF.o
 .text.gEstimateKF_Init
                0x0800859c      0x114 build/GravityEstimateKF.o
                0x0800859c                gEstimateKF_Init
 .text.gEstimateKF_Update
                0x080086b0       0xa8 build/GravityEstimateKF.o
                0x080086b0                gEstimateKF_Update
 .text.BMI088_read_muli_reg
                0x08008758       0x24 build/BMI088driver.o
 .text.Calibrate_MPU_Offset
                0x0800877c      0x100 build/BMI088driver.o
 .text.BMI088_write_single_reg
                0x0800887c       0x10 build/BMI088driver.o
 .text.BMI088_read_single_reg
                0x0800888c       0x16 build/BMI088driver.o
 *fill*         0x080088a2        0x2 
 .text.bmi088_accel_init
                0x080088a4      0x144 build/BMI088driver.o
                0x080088a4                bmi088_accel_init
 .text.bmi088_gyro_init
                0x080089e8      0x118 build/BMI088driver.o
                0x080089e8                bmi088_gyro_init
 .text.BMI088_init
                0x08008b00       0x38 build/BMI088driver.o
                0x08008b00                BMI088_init
 .text.BMI088_Read
                0x08008b38      0x1e0 build/BMI088driver.o
                0x08008b38                BMI088_Read
 .text.BMI088_ACCEL_NS_L
                0x08008d18       0x14 build/BMI088Middleware.o
                0x08008d18                BMI088_ACCEL_NS_L
 .text.BMI088_ACCEL_NS_H
                0x08008d2c       0x14 build/BMI088Middleware.o
                0x08008d2c                BMI088_ACCEL_NS_H
 .text.BMI088_GYRO_NS_L
                0x08008d40       0x14 build/BMI088Middleware.o
                0x08008d40                BMI088_GYRO_NS_L
 .text.BMI088_GYRO_NS_H
                0x08008d54       0x14 build/BMI088Middleware.o
                0x08008d54                BMI088_GYRO_NS_H
 .text.BMI088_read_write_byte
                0x08008d68       0x30 build/BMI088Middleware.o
                0x08008d68                BMI088_read_write_byte
 .text.CAN_Get_ErrorInfo
                0x08008d98       0x28 build/bsp_CAN.o
 .text.CAN_Config_Filter
                0x08008dc0       0x2a build/bsp_CAN.o
 .text.CAN_Send_Data
                0x08008dea       0xde build/bsp_CAN.o
                0x08008dea                CAN_Send_Data
 .text.CAN_Device_Init
                0x08008ec8       0x68 build/bsp_CAN.o
                0x08008ec8                CAN_Device_Init
 .text.HAL_CAN_RxFifo0MsgPendingCallback
                0x08008f30      0x130 build/bsp_CAN.o
                0x08008f30                HAL_CAN_RxFifo0MsgPendingCallback
 .text.DWT_CNT_Update
                0x08009060       0x30 build/bsp_dwt.o
 .text.DWT_Init
                0x08009090       0x68 build/bsp_dwt.o
                0x08009090                DWT_Init
 .text.DWT_GetDeltaT
                0x080090f8       0x48 build/bsp_dwt.o
                0x080090f8                DWT_GetDeltaT
 .text.DWT_Delay
                0x08009140       0x34 build/bsp_dwt.o
                0x08009140                DWT_Delay
 .text.USART_IDLE_Init
                0x08009174       0x5c build/bsp_usart_idle.o
                0x08009174                USART_IDLE_Init
 .text.USER_UART_RxIdleCallback
                0x080091d0        0x2 build/bsp_usart_idle.o
                0x080091d0                USER_UART_RxIdleCallback
 .text.USART_IDLE_IRQHandler
                0x080091d2       0x56 build/bsp_usart_idle.o
                0x080091d2                USART_IDLE_IRQHandler
 .text.adcx_get_chx_value
                0x08009228       0x3c build/bsp_adc.o
 .text.get_temprate
                0x08009264       0x48 build/bsp_adc.o
                0x08009264                get_temprate
 .text.get_battery_voltage
                0x080092ac       0x34 build/bsp_adc.o
                0x080092ac                get_battery_voltage
 .text.f_Trapezoid_Intergral
                0x080092e0       0x62 build/controller.o
 .text.f_Changing_Integration_Rate
                0x08009342       0x66 build/controller.o
 .text.f_Integral_Limit
                0x080093a8       0x94 build/controller.o
 .text.f_Derivative_On_Measurement
                0x0800943c       0x52 build/controller.o
 .text.f_Derivative_Filter
                0x0800948e       0x2e build/controller.o
 .text.f_Output_Filter
                0x080094bc       0x2e build/controller.o
 .text.f_Output_Limit
                0x080094ea       0x2e build/controller.o
 .text.f_Proportion_Limit
                0x08009518       0x2e build/controller.o
 *fill*         0x08009546        0x2 
 .text.f_PID_ErrorHandle
                0x08009548       0x98 build/controller.o
 .text.PID_Init
                0x080095e0       0x58 build/controller.o
                0x080095e0                PID_Init
 .text.PID_Calculate
                0x08009638      0x308 build/controller.o
                0x08009638                PID_Calculate
 .text.Feedforward_Calculate
                0x08009940      0x170 build/controller.o
                0x08009940                Feedforward_Calculate
 .text.float_constrain
                0x08009ab0       0x20 build/user_lib.o
                0x08009ab0                float_constrain
 .text.loop_float_constrain
                0x08009ad0       0x4a build/user_lib.o
                0x08009ad0                loop_float_constrain
 .text.OLS_Init
                0x08009b1a       0x40 build/user_lib.o
                0x08009b1a                OLS_Init
 *fill*         0x08009b5a        0x2 
 .text.H_K_R_Adjustment
                0x08009b5c       0xe8 build/kalman_filter.o
 .text.Kalman_Filter_Init
                0x08009c44      0x470 build/kalman_filter.o
                0x08009c44                Kalman_Filter_Init
 .text.Kalman_Filter_Update
                0x0800a0b4      0x3d4 build/kalman_filter.o
                0x0800a0b4                Kalman_Filter_Update
 .text.Reset_Handler
                0x0800a488       0x50 build/startup_stm32f407xx.o
                0x0800a488                Reset_Handler
 .text.Default_Handler
                0x0800a4d8        0x2 build/startup_stm32f407xx.o
                0x0800a4d8                RTC_Alarm_IRQHandler
                0x0800a4d8                HASH_RNG_IRQHandler
                0x0800a4d8                EXTI2_IRQHandler
                0x0800a4d8                TIM8_CC_IRQHandler
                0x0800a4d8                TIM1_CC_IRQHandler
                0x0800a4d8                DMA1_Stream5_IRQHandler
                0x0800a4d8                PVD_IRQHandler
                0x0800a4d8                SDIO_IRQHandler
                0x0800a4d8                TAMP_STAMP_IRQHandler
                0x0800a4d8                CAN2_RX1_IRQHandler
                0x0800a4d8                TIM8_TRG_COM_TIM14_IRQHandler
                0x0800a4d8                TIM1_UP_TIM10_IRQHandler
                0x0800a4d8                TIM8_UP_TIM13_IRQHandler
                0x0800a4d8                I2C3_ER_IRQHandler
                0x0800a4d8                EXTI0_IRQHandler
                0x0800a4d8                I2C2_EV_IRQHandler
                0x0800a4d8                DMA1_Stream2_IRQHandler
                0x0800a4d8                FPU_IRQHandler
                0x0800a4d8                OTG_HS_WKUP_IRQHandler
                0x0800a4d8                CAN2_SCE_IRQHandler
                0x0800a4d8                DMA2_Stream2_IRQHandler
                0x0800a4d8                SPI1_IRQHandler
                0x0800a4d8                TIM6_DAC_IRQHandler
                0x0800a4d8                TIM1_BRK_TIM9_IRQHandler
                0x0800a4d8                DCMI_IRQHandler
                0x0800a4d8                DMA2_Stream3_IRQHandler
                0x0800a4d8                CAN1_RX1_IRQHandler
                0x0800a4d8                UART5_IRQHandler
                0x0800a4d8                DMA2_Stream0_IRQHandler
                0x0800a4d8                TIM4_IRQHandler
                0x0800a4d8                I2C1_EV_IRQHandler
                0x0800a4d8                DMA1_Stream6_IRQHandler
                0x0800a4d8                DMA1_Stream1_IRQHandler
                0x0800a4d8                UART4_IRQHandler
                0x0800a4d8                TIM3_IRQHandler
                0x0800a4d8                RCC_IRQHandler
                0x0800a4d8                TIM8_BRK_TIM12_IRQHandler
                0x0800a4d8                Default_Handler
                0x0800a4d8                EXTI15_10_IRQHandler
                0x0800a4d8                ADC_IRQHandler
                0x0800a4d8                DMA1_Stream7_IRQHandler
                0x0800a4d8                TIM7_IRQHandler
                0x0800a4d8                CAN2_TX_IRQHandler
                0x0800a4d8                TIM5_IRQHandler
                0x0800a4d8                I2C3_EV_IRQHandler
                0x0800a4d8                RTC_WKUP_IRQHandler
                0x0800a4d8                ETH_WKUP_IRQHandler
                0x0800a4d8                SPI2_IRQHandler
                0x0800a4d8                OTG_HS_EP1_IN_IRQHandler
                0x0800a4d8                DMA1_Stream0_IRQHandler
                0x0800a4d8                CAN1_TX_IRQHandler
                0x0800a4d8                FSMC_IRQHandler
                0x0800a4d8                ETH_IRQHandler
                0x0800a4d8                OTG_HS_EP1_OUT_IRQHandler
                0x0800a4d8                WWDG_IRQHandler
                0x0800a4d8                OTG_FS_WKUP_IRQHandler
                0x0800a4d8                TIM1_TRG_COM_TIM11_IRQHandler
                0x0800a4d8                OTG_HS_IRQHandler
                0x0800a4d8                EXTI1_IRQHandler
                0x0800a4d8                USART2_IRQHandler
                0x0800a4d8                I2C2_ER_IRQHandler
                0x0800a4d8                CAN1_SCE_IRQHandler
                0x0800a4d8                FLASH_IRQHandler
                0x0800a4d8                DMA2_Stream4_IRQHandler
                0x0800a4d8                OTG_FS_IRQHandler
                0x0800a4d8                SPI3_IRQHandler
                0x0800a4d8                DMA1_Stream4_IRQHandler
                0x0800a4d8                I2C1_ER_IRQHandler
                0x0800a4d8                DMA1_Stream3_IRQHandler
 *fill*         0x0800a4da        0x2 
 .text.arm_mat_trans_f32
                0x0800a4dc       0xe8 Drivers/CMSIS/Lib/GCC\libarm_cortexM4lf_math.a(arm_mat_trans_f32.o)
                0x0800a4dc                arm_mat_trans_f32
 .text.arm_mat_sub_f32
                0x0800a5c4       0xb4 Drivers/CMSIS/Lib/GCC\libarm_cortexM4lf_math.a(arm_mat_sub_f32.o)
                0x0800a5c4                arm_mat_sub_f32
 .text.arm_mat_mult_f32
                0x0800a678      0x14c Drivers/CMSIS/Lib/GCC\libarm_cortexM4lf_math.a(arm_mat_mult_f32.o)
                0x0800a678                arm_mat_mult_f32
 .text.arm_mat_inverse_f32
                0x0800a7c4      0x2a0 Drivers/CMSIS/Lib/GCC\libarm_cortexM4lf_math.a(arm_mat_inverse_f32.o)
                0x0800a7c4                arm_mat_inverse_f32
 .text.arm_mat_init_f32
                0x0800aa64        0x8 Drivers/CMSIS/Lib/GCC\libarm_cortexM4lf_math.a(arm_mat_init_f32.o)
                0x0800aa64                arm_mat_init_f32
 .text.arm_mat_add_f32
                0x0800aa6c       0xb4 Drivers/CMSIS/Lib/GCC\libarm_cortexM4lf_math.a(arm_mat_add_f32.o)
                0x0800aa6c                arm_mat_add_f32
 .text.arm_sin_f32
                0x0800ab20       0x9c Drivers/CMSIS/Lib/GCC\libarm_cortexM4lf_math.a(arm_sin_f32.o)
                0x0800ab20                arm_sin_f32
 .text.arm_cos_f32
                0x0800abbc       0x80 Drivers/CMSIS/Lib/GCC\libarm_cortexM4lf_math.a(arm_cos_f32.o)
                0x0800abbc                arm_cos_f32
 .text.__udivmoddi4
                0x0800ac3c      0x2a0 C:/msys64/mingw64/bin/../lib/gcc/arm-none-eabi/13.3.0/thumb/v7e-m+fp/hard\libgcc.a(_udivmoddi4.o)
                0x0800ac3c                __udivmoddi4
 *(.glue_7)
 .glue_7        0x0800aedc        0x0 linker stubs
 *(.glue_7t)
 .glue_7t       0x0800aedc        0x0 linker stubs
 *(.eh_frame)
 .eh_frame      0x0800aedc        0x0 C:/msys64/mingw64/bin/../lib/gcc/arm-none-eabi/13.3.0/thumb/v7e-m+fp/hard/crtbegin.o
 *(.init)
 .init          0x0800aedc        0x4 C:/msys64/mingw64/bin/../lib/gcc/arm-none-eabi/13.3.0/thumb/v7e-m+fp/hard/crti.o
                0x0800aedc                _init
 .init          0x0800aee0        0x8 C:/msys64/mingw64/bin/../lib/gcc/arm-none-eabi/13.3.0/thumb/v7e-m+fp/hard/crtn.o
 *(.fini)
 .fini          0x0800aee8        0x4 C:/msys64/mingw64/bin/../lib/gcc/arm-none-eabi/13.3.0/thumb/v7e-m+fp/hard/crti.o
                0x0800aee8                _fini
 .fini          0x0800aeec        0x8 C:/msys64/mingw64/bin/../lib/gcc/arm-none-eabi/13.3.0/thumb/v7e-m+fp/hard/crtn.o
                0x0800aef4                        . = ALIGN (0x4)
                0x0800aef4                        _etext = .

.vfp11_veneer   0x0800aef4        0x0
 .vfp11_veneer  0x0800aef4        0x0 linker stubs

.v4_bx          0x0800aef4        0x0
 .v4_bx         0x0800aef4        0x0 linker stubs

.iplt           0x0800aef4        0x0
 .iplt          0x0800aef4        0x0 C:/msys64/mingw64/bin/../lib/gcc/arm-none-eabi/13.3.0/thumb/v7e-m+fp/hard/crtbegin.o

.rodata         0x0800aef4      0x988
                0x0800aef4                        . = ALIGN (0x4)
 *(.rodata)
 .rodata        0x0800aef4       0x54 build/freertos.o
 .rodata        0x0800af48       0x54 build/detect_task.o
 .rodata        0x0800af9c       0x18 C:/msys64/mingw64/bin/../lib/gcc/arm-none-eabi/13.3.0/../../../../arm-none-eabi/lib/thumb/v7e-m+fp/hard\libm.a(libm_a-ef_atan2.o)
 .rodata        0x0800afb4       0x20 C:/msys64/mingw64/bin/../lib/gcc/arm-none-eabi/13.3.0/../../../../arm-none-eabi/lib/thumb/v7e-m+fp/hard\libm.a(libm_a-sf_atan.o)
 *(.rodata*)
 .rodata.str1.4
                0x0800afd4       0x38 build/freertos.o
                                 0x20 (size before relaxing)
 .rodata.flagBitshiftOffset.0
                0x0800b00c        0x8 build/stm32f4xx_hal_dma.o
 .rodata.APBPrescTable
                0x0800b014        0x8 build/system_stm32f4xx.o
                0x0800b014                APBPrescTable
 .rodata.AHBPrescTable
                0x0800b01c       0x10 build/system_stm32f4xx.o
                0x0800b01c                AHBPrescTable
 .rodata.vTaskStartScheduler.str1.4
                0x0800b02c        0x0 build/tasks.o
                                  0x5 (size before relaxing)
 .rodata.prvCheckForValidListAndQueue.str1.4
                0x0800b02c        0x0 build/timers.o
                                  0x5 (size before relaxing)
 .rodata.xTimerCreateTimerTask.str1.4
                0x0800b02c        0x0 build/timers.o
                                  0x8 (size before relaxing)
 .rodata.gEstimateKF_H
                0x0800b02c       0x24 build/GravityEstimateKF.o
                0x0800b02c                gEstimateKF_H
 .rodata.write_BMI088_gyro_reg_data_error
                0x0800b050       0x12 build/BMI088driver.o
 *fill*         0x0800b062        0x2 
 .rodata.write_BMI088_accel_reg_data_error
                0x0800b064       0x12 build/BMI088driver.o
 .rodata.str1.4
                0x0800b076        0x0 C:/msys64/mingw64/bin/../lib/gcc/arm-none-eabi/13.3.0/../../../../arm-none-eabi/lib/thumb/v7e-m+fp/hard\libm.a(libm_a-wf_asin.o)
                                  0x1 (size before relaxing)
 *fill*         0x0800b076        0x2 
 .rodata.sinTable_f32
                0x0800b078      0x804 Drivers/CMSIS/Lib/GCC\libarm_cortexM4lf_math.a(arm_common_tables.o)
                0x0800b078                sinTable_f32
                0x0800b87c                        . = ALIGN (0x4)

.ARM.extab
 *(.ARM.extab* .gnu.linkonce.armextab.*)

.ARM            0x0800b87c        0x8
                0x0800b87c                        __exidx_start = .
 *(.ARM.exidx*)
 .ARM.exidx     0x0800b87c        0x8 C:/msys64/mingw64/bin/../lib/gcc/arm-none-eabi/13.3.0/../../../../arm-none-eabi/lib/thumb/v7e-m+fp/hard\libc_nano.a(libc_a-memcpy.o)
 .ARM.exidx.text.__udivmoddi4
                0x0800b884        0x0 C:/msys64/mingw64/bin/../lib/gcc/arm-none-eabi/13.3.0/thumb/v7e-m+fp/hard\libgcc.a(_udivmoddi4.o)
                                  0x8 (size before relaxing)
                0x0800b884                        __exidx_end = .

.rel.dyn        0x0800b884        0x0
 .rel.iplt      0x0800b884        0x0 C:/msys64/mingw64/bin/../lib/gcc/arm-none-eabi/13.3.0/thumb/v7e-m+fp/hard/crtbegin.o

.preinit_array  0x0800b884        0x0
                0x0800b884                        PROVIDE (__preinit_array_start = .)
 *(.preinit_array*)
                0x0800b884                        PROVIDE (__preinit_array_end = .)

.init_array     0x0800b884        0x4
                0x0800b884                        PROVIDE (__init_array_start = .)
 *(SORT_BY_NAME(.init_array.*))
 *(.init_array*)
 .init_array    0x0800b884        0x4 C:/msys64/mingw64/bin/../lib/gcc/arm-none-eabi/13.3.0/thumb/v7e-m+fp/hard/crtbegin.o
                0x0800b888                        PROVIDE (__init_array_end = .)

.fini_array     0x0800b888        0x4
                0x0800b888                        PROVIDE (__fini_array_start = .)
 *(SORT_BY_NAME(.fini_array.*))
 *(.fini_array*)
 .fini_array    0x0800b888        0x4 C:/msys64/mingw64/bin/../lib/gcc/arm-none-eabi/13.3.0/thumb/v7e-m+fp/hard/crtbegin.o
                0x0800b88c                        PROVIDE (__fini_array_end = .)
                0x0800b88c                        _sidata = LOADADDR (.data)

.data           0x20000000      0x118 load address 0x0800b88c
                0x20000000                        . = ALIGN (0x4)
                0x20000000                        _sdata = .
 *(.data)
 .data          0x20000000       0x50 C:/msys64/mingw64/bin/../lib/gcc/arm-none-eabi/13.3.0/../../../../arm-none-eabi/lib/thumb/v7e-m+fp/hard\libc_nano.a(libc_a-impure.o)
                0x20000000                _impure_ptr
                0x20000004                _impure_data
 *(.data*)
 .data.uwTickFreq
                0x20000050        0x1 build/stm32f4xx_hal.o
                0x20000050                uwTickFreq
 *fill*         0x20000051        0x3 
 .data.uwTickPrio
                0x20000054        0x4 build/stm32f4xx_hal.o
                0x20000054                uwTickPrio
 .data.SystemCoreClock
                0x20000058        0x4 build/system_stm32f4xx.o
                0x20000058                SystemCoreClock
 .data.uxCriticalNesting
                0x2000005c        0x4 build/port.o
 .data.Vy_k     0x20000060        0x4 build/chassis_task.o
                0x20000060                Vy_k
 .data.Vx_k     0x20000064        0x4 build/chassis_task.o
                0x20000064                Vx_k
 .data.MAX_RPM  0x20000068        0x4 build/chassis_task.o
                0x20000068                MAX_RPM
 .data.q0       0x2000006c        0x4 build/QuaternionAHRS.o
                0x2000006c                q0
 .data.twoKi    0x20000070        0x4 build/QuaternionAHRS.o
                0x20000070                twoKi
 .data.twoKp    0x20000074        0x4 build/QuaternionAHRS.o
                0x20000074                twoKp
 .data.gEstimateKF_R
                0x20000078       0x24 build/GravityEstimateKF.o
 .data.gEstimateKF_Q
                0x2000009c       0x24 build/GravityEstimateKF.o
 .data.gEstimateKF_P
                0x200000c0       0x24 build/GravityEstimateKF.o
                0x200000c0                gEstimateKF_P
 .data.gEstimateKF_F
                0x200000e4       0x24 build/GravityEstimateKF.o
                0x200000e4                gEstimateKF_F
 .data.caliOffset
                0x20000108        0x1 build/BMI088driver.o
                0x20000108                caliOffset
 *fill*         0x20000109        0x3 
 .data.BMI088_GYRO_SEN
                0x2000010c        0x4 build/BMI088driver.o
                0x2000010c                BMI088_GYRO_SEN
 .data.BMI088_ACCEL_SEN
                0x20000110        0x4 build/BMI088driver.o
                0x20000110                BMI088_ACCEL_SEN
 .data.voltage_vrefint_proportion
                0x20000114        0x4 build/bsp_adc.o
                0x20000114                voltage_vrefint_proportion
                0x20000118                        . = ALIGN (0x4)
                0x20000118                        _edata = .
                0x0800b9a4                        _siccmram = LOADADDR (.ccmram)

.igot.plt       0x20000118        0x0 load address 0x0800b9a4
 .igot.plt      0x20000118        0x0 C:/msys64/mingw64/bin/../lib/gcc/arm-none-eabi/13.3.0/thumb/v7e-m+fp/hard/crtbegin.o

.ccmram         0x10000000        0x0 load address 0x0800b9a4
                0x10000000                        . = ALIGN (0x4)
                0x10000000                        _sccmram = .
 *(.ccmram)
 *(.ccmram*)
                0x10000000                        . = ALIGN (0x4)
                0x10000000                        _eccmram = .
                0x10000000                        . = ALIGN (0x4)

.bss            0x20000118     0x9148
                0x20000118                        _sbss = .
                0x20000118                        __bss_start__ = _sbss
 *(.bss)
 .bss           0x20000118      0x13c C:/msys64/mingw64/bin/../lib/gcc/arm-none-eabi/13.3.0/../../../../arm-none-eabi/lib/thumb/v7e-m+fp/hard\libc_nano.a(libc_a-findfp.o)
                0x20000118                __sf
                0x20000250                __stdio_exit_handler
 *(.bss*)
 .bss.completed.1
                0x20000254        0x1 C:/msys64/mingw64/bin/../lib/gcc/arm-none-eabi/13.3.0/thumb/v7e-m+fp/hard/crtbegin.o
 *fill*         0x20000255        0x3 
 .bss.object.0  0x20000258       0x18 C:/msys64/mingw64/bin/../lib/gcc/arm-none-eabi/13.3.0/thumb/v7e-m+fp/hard/crtbegin.o
 .bss.xTimerStack
                0x20000270      0x400 build/freertos.o
 .bss.xTimerTaskTCBBuffer
                0x20000670       0x54 build/freertos.o
 .bss.xIdleStack
                0x200006c4      0x200 build/freertos.o
 .bss.xIdleTaskTCBBuffer
                0x200008c4       0x54 build/freertos.o
 .bss.INSTaskHandle
                0x20000918        0x4 build/freertos.o
                0x20000918                INSTaskHandle
 .bss.DetectTaskHandle
                0x2000091c        0x4 build/freertos.o
                0x2000091c                DetectTaskHandle
 .bss.ChassisTaskHandle
                0x20000920        0x4 build/freertos.o
                0x20000920                ChassisTaskHandle
 .bss.hadc3     0x20000924       0x48 build/adc.o
                0x20000924                hadc3
 .bss.hadc1     0x2000096c       0x48 build/adc.o
                0x2000096c                hadc1
 .bss.HAL_RCC_CAN1_CLK_ENABLED
                0x200009b4        0x4 build/can.o
 .bss.hcan2     0x200009b8       0x28 build/can.o
                0x200009b8                hcan2
 .bss.hcan1     0x200009e0       0x28 build/can.o
                0x200009e0                hcan1
 .bss.hdma_i2c2_tx
                0x20000a08       0x60 build/i2c.o
                0x20000a08                hdma_i2c2_tx
 .bss.hi2c3     0x20000a68       0x54 build/i2c.o
                0x20000a68                hi2c3
 .bss.hi2c2     0x20000abc       0x54 build/i2c.o
                0x20000abc                hi2c2
 .bss.hi2c1     0x20000b10       0x54 build/i2c.o
                0x20000b10                hi2c1
 .bss.hdma_spi1_tx
                0x20000b64       0x60 build/spi.o
                0x20000b64                hdma_spi1_tx
 .bss.hdma_spi1_rx
                0x20000bc4       0x60 build/spi.o
                0x20000bc4                hdma_spi1_rx
 .bss.hspi2     0x20000c24       0x58 build/spi.o
                0x20000c24                hspi2
 .bss.hspi1     0x20000c7c       0x58 build/spi.o
                0x20000c7c                hspi1
 .bss.htim10    0x20000cd4       0x40 build/tim.o
                0x20000cd4                htim10
 .bss.htim8     0x20000d14       0x40 build/tim.o
                0x20000d14                htim8
 .bss.htim5     0x20000d54       0x40 build/tim.o
                0x20000d54                htim5
 .bss.htim4     0x20000d94       0x40 build/tim.o
                0x20000d94                htim4
 .bss.htim3     0x20000dd4       0x40 build/tim.o
                0x20000dd4                htim3
 .bss.htim1     0x20000e14       0x40 build/tim.o
                0x20000e14                htim1
 .bss.hdma_usart6_rx
                0x20000e54       0x60 build/usart.o
                0x20000e54                hdma_usart6_rx
 .bss.hdma_usart6_tx
                0x20000eb4       0x60 build/usart.o
                0x20000eb4                hdma_usart6_tx
 .bss.hdma_usart3_rx
                0x20000f14       0x60 build/usart.o
                0x20000f14                hdma_usart3_rx
 .bss.hdma_usart1_rx
                0x20000f74       0x60 build/usart.o
                0x20000f74                hdma_usart1_rx
 .bss.hdma_usart1_tx
                0x20000fd4       0x60 build/usart.o
                0x20000fd4                hdma_usart1_tx
 .bss.huart6    0x20001034       0x40 build/usart.o
                0x20001034                huart6
 .bss.huart3    0x20001074       0x40 build/usart.o
                0x20001074                huart3
 .bss.huart1    0x200010b4       0x40 build/usart.o
                0x200010b4                huart1
 .bss.htim2     0x200010f4       0x40 build/stm32f4xx_hal_timebase_tim.o
                0x200010f4                htim2
 .bss.uwTick    0x20001134        0x4 build/stm32f4xx_hal.o
                0x20001134                uwTick
 .bss.xQueueRegistry
                0x20001138       0x40 build/queue.o
                0x20001138                xQueueRegistry
 .bss.uxSchedulerSuspended
                0x20001178        0x4 build/tasks.o
 .bss.xIdleTaskHandle
                0x2000117c        0x4 build/tasks.o
 .bss.xNextTaskUnblockTime
                0x20001180        0x4 build/tasks.o
 .bss.uxTaskNumber
                0x20001184        0x4 build/tasks.o
 .bss.xNumOfOverflows
                0x20001188        0x4 build/tasks.o
 .bss.xYieldPending
                0x2000118c        0x4 build/tasks.o
 .bss.uxPendedTicks
                0x20001190        0x4 build/tasks.o
 .bss.xSchedulerRunning
                0x20001194        0x4 build/tasks.o
 .bss.uxTopReadyPriority
                0x20001198        0x4 build/tasks.o
 .bss.xTickCount
                0x2000119c        0x4 build/tasks.o
 .bss.uxCurrentNumberOfTasks
                0x200011a0        0x4 build/tasks.o
 .bss.xSuspendedTaskList
                0x200011a4       0x14 build/tasks.o
 .bss.uxDeletedTasksWaitingCleanUp
                0x200011b8        0x4 build/tasks.o
 .bss.xTasksWaitingTermination
                0x200011bc       0x14 build/tasks.o
 .bss.xPendingReadyList
                0x200011d0       0x14 build/tasks.o
 .bss.pxOverflowDelayedTaskList
                0x200011e4        0x4 build/tasks.o
 .bss.pxDelayedTaskList
                0x200011e8        0x4 build/tasks.o
 .bss.xDelayedTaskList2
                0x200011ec       0x14 build/tasks.o
 .bss.xDelayedTaskList1
                0x20001200       0x14 build/tasks.o
 .bss.pxReadyTasksLists
                0x20001214       0x8c build/tasks.o
 .bss.pxCurrentTCB
                0x200012a0        0x4 build/tasks.o
                0x200012a0                pxCurrentTCB
 .bss.xStaticTimerQueue.0
                0x200012a4       0x48 build/timers.o
 .bss.ucStaticTimerQueueStorage.1
                0x200012ec       0xa0 build/timers.o
 .bss.xLastTime.2
                0x2000138c        0x4 build/timers.o
 .bss.xTimerTaskHandle
                0x20001390        0x4 build/timers.o
 .bss.xTimerQueue
                0x20001394        0x4 build/timers.o
 .bss.pxOverflowTimerList
                0x20001398        0x4 build/timers.o
 .bss.pxCurrentTimerList
                0x2000139c        0x4 build/timers.o
 .bss.xActiveTimerList2
                0x200013a0       0x14 build/timers.o
 .bss.xActiveTimerList1
                0x200013b4       0x14 build/timers.o
 .bss.xBlockAllocatedBit
                0x200013c8        0x4 build/heap_4.o
 .bss.xMinimumEverFreeBytesRemaining
                0x200013cc        0x4 build/heap_4.o
 .bss.xFreeBytesRemaining
                0x200013d0        0x4 build/heap_4.o
 .bss.pxEnd     0x200013d4        0x4 build/heap_4.o
 .bss.xStart    0x200013d8        0x8 build/heap_4.o
 .bss.ucHeap    0x200013e0     0x6000 build/heap_4.o
 .bss.ulMaxPRIGROUPValue
                0x200073e0        0x4 build/port.o
 .bss.ucMaxSysCallPriority
                0x200073e4        0x1 build/port.o
 .bss.RC_Update
                0x200073e5        0x1 build/remote_control.o
                0x200073e5                RC_Update
 *fill*         0x200073e6        0x2 
 .bss.RC_dt     0x200073e8        0x4 build/remote_control.o
                0x200073e8                RC_dt
 .bss.RC_DWT_Count
                0x200073ec        0x4 build/remote_control.o
                0x200073ec                RC_DWT_Count
 .bss.RC_Data_Buffer
                0x200073f0       0x10 build/remote_control.o
                0x200073f0                RC_Data_Buffer
 .bss.sbus_rx_buf
                0x20007400       0x24 build/remote_control.o
                0x20007400                sbus_rx_buf
 .bss.remote_control
                0x20007424       0x1c build/remote_control.o
                0x20007424                remote_control
 .bss.max_num.0
                0x20007440        0x4 build/chassis_task.o
 .bss.TempMaxVelocity.1
                0x20007444        0x4 build/chassis_task.o
 .bss.tempVal.2
                0x20007448        0x4 build/chassis_task.o
 .bss.Temp_Vy.4
                0x2000744c        0x4 build/chassis_task.o
 .bss.Temp_Vx.5
                0x20007450        0x4 build/chassis_task.o
 .bss.dt        0x20007454        0x4 build/chassis_task.o
 .bss.Chassis_DWT_Count
                0x20007458        0x4 build/chassis_task.o
                0x20007458                Chassis_DWT_Count
 *fill*         0x2000745c        0x4 
 .bss.Chassis   0x20007460     0x14b8 build/chassis_task.o
                0x20007460                Chassis
 .bss.error_num_display.0
                0x20008918        0x1 build/detect_task.o
 *fill*         0x20008919        0x3 
 .bss.system_time.1
                0x2000891c        0x4 build/detect_task.o
 .bss.system_time.2
                0x20008920        0x4 build/detect_task.o
 .bss.BoardState
                0x20008924        0x8 build/detect_task.o
                0x20008924                BoardState
 .bss.Detect_List
                0x2000892c      0x294 build/detect_task.o
                0x2000892c                Detect_List
 .bss.DetectSysTime
                0x20008bc0        0x4 build/detect_task.o
                0x20008bc0                DetectSysTime
 .bss.t         0x20008bc4        0x4 build/ins_task.o
 .bss.dt        0x20008bc8        0x4 build/ins_task.o
 .bss.INS_DWT_Count
                0x20008bcc        0x4 build/ins_task.o
                0x20008bcc                INS_DWT_Count
 .bss.Pitch_Round_Count.0
                0x20008bd0        0x2 build/QuaternionAHRS.o
 *fill*         0x20008bd2        0x2 
 .bss.Pitch_Angle_Last.1
                0x20008bd4        0x4 build/QuaternionAHRS.o
 .bss.Yaw_Round_Count.2
                0x20008bd8        0x2 build/QuaternionAHRS.o
 *fill*         0x20008bda        0x2 
 .bss.Yaw_Angle_Last.3
                0x20008bdc        0x4 build/QuaternionAHRS.o
 .bss.qc.4      0x20008be0        0x4 build/QuaternionAHRS.o
 .bss.qb.5      0x20008be4        0x4 build/QuaternionAHRS.o
 .bss.qa.6      0x20008be8        0x4 build/QuaternionAHRS.o
 .bss.halfez.7  0x20008bec        0x4 build/QuaternionAHRS.o
 .bss.halfey.8  0x20008bf0        0x4 build/QuaternionAHRS.o
 .bss.halfex.9  0x20008bf4        0x4 build/QuaternionAHRS.o
 .bss.halfvz.10
                0x20008bf8        0x4 build/QuaternionAHRS.o
 .bss.halfvy.11
                0x20008bfc        0x4 build/QuaternionAHRS.o
 .bss.halfvx.12
                0x20008c00        0x4 build/QuaternionAHRS.o
 .bss.recipNorm.13
                0x20008c04        0x4 build/QuaternionAHRS.o
 .bss.integralFBz
                0x20008c08        0x4 build/QuaternionAHRS.o
                0x20008c08                integralFBz
 .bss.integralFBy
                0x20008c0c        0x4 build/QuaternionAHRS.o
                0x20008c0c                integralFBy
 .bss.integralFBx
                0x20008c10        0x4 build/QuaternionAHRS.o
                0x20008c10                integralFBx
 .bss.q3        0x20008c14        0x4 build/QuaternionAHRS.o
                0x20008c14                q3
 .bss.q2        0x20008c18        0x4 build/QuaternionAHRS.o
                0x20008c18                q2
 .bss.q1        0x20008c1c        0x4 build/QuaternionAHRS.o
                0x20008c1c                q1
 .bss.QuaternionBuffer
                0x20008c20      0x3ec build/QuaternionAHRS.o
                0x20008c20                QuaternionBuffer
 .bss.AHRS      0x2000900c       0x3c build/QuaternionAHRS.o
                0x2000900c                AHRS
 .bss.gzdt.0    0x20009048        0x4 build/GravityEstimateKF.o
 .bss.gydt.1    0x2000904c        0x4 build/GravityEstimateKF.o
 .bss.gxdt.2    0x20009050        0x4 build/GravityEstimateKF.o
 .bss.gEstimateKF_K
                0x20009054       0x24 build/GravityEstimateKF.o
                0x20009054                gEstimateKF_K
 .bss.gVec      0x20009078        0xc build/GravityEstimateKF.o
                0x20009078                gVec
 .bss.gEstimateKF
                0x20009084      0x134 build/GravityEstimateKF.o
                0x20009084                gEstimateKF
 .bss.bmi088_raw_temp.0
                0x200091b8        0x2 build/BMI088driver.o
 *fill*         0x200091ba        0x2 
 .bss.buf.1     0x200091bc        0x8 build/BMI088driver.o
 .bss.bmi088_raw_temp.2
                0x200091c4        0x2 build/BMI088driver.o
 *fill*         0x200091c6        0x2 
 .bss.buf.3     0x200091c8        0x8 build/BMI088driver.o
 .bss.BMI088    0x200091d0       0x28 build/BMI088driver.o
                0x200091d0                BMI088
 .bss.error     0x200091f8        0x1 build/BMI088driver.o
 .bss.write_reg_num
                0x200091f9        0x1 build/BMI088driver.o
 .bss.res       0x200091fa        0x1 build/BMI088driver.o
 *fill*         0x200091fb        0x1 
 .bss.BMI088_SPI
                0x200091fc        0x4 build/BMI088Middleware.o
                0x200091fc                BMI088_SPI
 .bss.RC_Data_Buf.0
                0x20009200       0x10 build/bsp_CAN.o
 .bss.CAN2_ErrorInfo
                0x20009210       0x10 build/bsp_CAN.o
                0x20009210                CAN2_ErrorInfo
 .bss.CAN1_ErrorInfo
                0x20009220       0x10 build/bsp_CAN.o
                0x20009220                CAN1_ErrorInfo
 .bss.CYCCNT_LAST
                0x20009230        0x4 build/bsp_dwt.o
 .bss.CYCCNT_RountCount
                0x20009234        0x4 build/bsp_dwt.o
 .bss.CPU_FREQ_Hz_us
                0x20009238        0x4 build/bsp_dwt.o
 .bss.CPU_FREQ_Hz_ms
                0x2000923c        0x4 build/bsp_dwt.o
 .bss.CPU_FREQ_Hz
                0x20009240        0x4 build/bsp_dwt.o
 .bss.sConfig.0
                0x20009244       0x10 build/bsp_adc.o
 .bss.temp_Output.7
                0x20009254        0x4 build/controller.o
 .bss.temp_Iout.8
                0x20009258        0x4 build/controller.o
 .bss.sizeof_double
                0x2000925c        0x2 build/kalman_filter.o
                0x2000925c                sizeof_double
 .bss.sizeof_float
                0x2000925e        0x2 build/kalman_filter.o
                0x2000925e                sizeof_float
 *(COMMON)
                0x20009260                        . = ALIGN (0x4)
                0x20009260                        _ebss = .
                0x20009260                        __bss_end__ = _ebss

._user_heap_stack
                0x20009260     0x4000
                0x20009260                        . = ALIGN (0x8)
                0x20009260                        PROVIDE (end = .)
                [!provide]                        PROVIDE (_end = .)
                0x2000b260                        . = (. + _Min_Heap_Size)
 *fill*         0x20009260     0x2000 
                0x2000d260                        . = (. + _Min_Stack_Size)
 *fill*         0x2000b260     0x2000 
                0x2000d260                        . = ALIGN (0x8)

/DISCARD/
 libc.a(*)
 libm.a(*)
 libgcc.a(*)

.ARM.attributes
                0x00000000       0x30
 *(.ARM.attributes)
 .ARM.attributes
                0x00000000       0x22 C:/msys64/mingw64/bin/../lib/gcc/arm-none-eabi/13.3.0/thumb/v7e-m+fp/hard/crti.o
 .ARM.attributes
                0x00000022       0x34 C:/msys64/mingw64/bin/../lib/gcc/arm-none-eabi/13.3.0/thumb/v7e-m+fp/hard/crtbegin.o
 .ARM.attributes
                0x00000056       0x34 build/main.o
 .ARM.attributes
                0x0000008a       0x34 build/gpio.o
 .ARM.attributes
                0x000000be       0x34 build/freertos.o
 .ARM.attributes
                0x000000f2       0x34 build/adc.o
 .ARM.attributes
                0x00000126       0x34 build/can.o
 .ARM.attributes
                0x0000015a       0x34 build/dma.o
 .ARM.attributes
                0x0000018e       0x34 build/i2c.o
 .ARM.attributes
                0x000001c2       0x34 build/spi.o
 .ARM.attributes
                0x000001f6       0x34 build/tim.o
 .ARM.attributes
                0x0000022a       0x34 build/usart.o
 .ARM.attributes
                0x0000025e       0x34 build/stm32f4xx_it.o
 .ARM.attributes
                0x00000292       0x34 build/stm32f4xx_hal_msp.o
 .ARM.attributes
                0x000002c6       0x34 build/stm32f4xx_hal_timebase_tim.o
 .ARM.attributes
                0x000002fa       0x34 build/stm32f4xx_hal_adc.o
 .ARM.attributes
                0x0000032e       0x34 build/stm32f4xx_hal_rcc.o
 .ARM.attributes
                0x00000362       0x34 build/stm32f4xx_hal_gpio.o
 .ARM.attributes
                0x00000396       0x34 build/stm32f4xx_hal_dma.o
 .ARM.attributes
                0x000003ca       0x34 build/stm32f4xx_hal_cortex.o
 .ARM.attributes
                0x000003fe       0x34 build/stm32f4xx_hal.o
 .ARM.attributes
                0x00000432       0x34 build/stm32f4xx_hal_can.o
 .ARM.attributes
                0x00000466       0x34 build/stm32f4xx_hal_i2c.o
 .ARM.attributes
                0x0000049a       0x34 build/stm32f4xx_hal_spi.o
 .ARM.attributes
                0x000004ce       0x34 build/stm32f4xx_hal_tim.o
 .ARM.attributes
                0x00000502       0x34 build/stm32f4xx_hal_tim_ex.o
 .ARM.attributes
                0x00000536       0x34 build/stm32f4xx_hal_uart.o
 .ARM.attributes
                0x0000056a       0x34 build/system_stm32f4xx.o
 .ARM.attributes
                0x0000059e       0x34 build/list.o
 .ARM.attributes
                0x000005d2       0x34 build/queue.o
 .ARM.attributes
                0x00000606       0x34 build/tasks.o
 .ARM.attributes
                0x0000063a       0x34 build/timers.o
 .ARM.attributes
                0x0000066e       0x34 build/cmsis_os.o
 .ARM.attributes
                0x000006a2       0x34 build/heap_4.o
 .ARM.attributes
                0x000006d6       0x34 build/port.o
 .ARM.attributes
                0x0000070a       0x34 build/motor.o
 .ARM.attributes
                0x0000073e       0x34 build/remote_control.o
 .ARM.attributes
                0x00000772       0x34 build/chassis_task.o
 .ARM.attributes
                0x000007a6       0x34 build/detect_task.o
 .ARM.attributes
                0x000007da       0x34 build/ins_task.o
 .ARM.attributes
                0x0000080e       0x34 build/QuaternionAHRS.o
 .ARM.attributes
                0x00000842       0x34 build/GravityEstimateKF.o
 .ARM.attributes
                0x00000876       0x34 build/BMI088driver.o
 .ARM.attributes
                0x000008aa       0x34 build/BMI088Middleware.o
 .ARM.attributes
                0x000008de       0x34 build/bsp_CAN.o
 .ARM.attributes
                0x00000912       0x34 build/bsp_dwt.o
 .ARM.attributes
                0x00000946       0x34 build/bsp_usart_idle.o
 .ARM.attributes
                0x0000097a       0x34 build/bsp_adc.o
 .ARM.attributes
                0x000009ae       0x34 build/controller.o
 .ARM.attributes
                0x000009e2       0x34 build/user_lib.o
 .ARM.attributes
                0x00000a16       0x34 build/kalman_filter.o
 .ARM.attributes
                0x00000a4a       0x21 build/startup_stm32f407xx.o
 .ARM.attributes
                0x00000a6b       0x34 C:/msys64/mingw64/bin/../lib/gcc/arm-none-eabi/13.3.0/../../../../arm-none-eabi/lib/thumb/v7e-m+fp/hard\libc_nano.a(libc_a-findfp.o)
 .ARM.attributes
                0x00000a9f       0x34 C:/msys64/mingw64/bin/../lib/gcc/arm-none-eabi/13.3.0/../../../../arm-none-eabi/lib/thumb/v7e-m+fp/hard\libc_nano.a(libc_a-memset.o)
 .ARM.attributes
                0x00000ad3       0x34 C:/msys64/mingw64/bin/../lib/gcc/arm-none-eabi/13.3.0/../../../../arm-none-eabi/lib/thumb/v7e-m+fp/hard\libc_nano.a(libc_a-impure.o)
 .ARM.attributes
                0x00000b07       0x34 C:/msys64/mingw64/bin/../lib/gcc/arm-none-eabi/13.3.0/../../../../arm-none-eabi/lib/thumb/v7e-m+fp/hard\libc_nano.a(libc_a-errno.o)
 .ARM.attributes
                0x00000b3b       0x34 C:/msys64/mingw64/bin/../lib/gcc/arm-none-eabi/13.3.0/../../../../arm-none-eabi/lib/thumb/v7e-m+fp/hard\libc_nano.a(libc_a-init.o)
 .ARM.attributes
                0x00000b6f       0x20 C:/msys64/mingw64/bin/../lib/gcc/arm-none-eabi/13.3.0/../../../../arm-none-eabi/lib/thumb/v7e-m+fp/hard\libc_nano.a(libc_a-memcpy.o)
 .ARM.attributes
                0x00000b8f       0x34 C:/msys64/mingw64/bin/../lib/gcc/arm-none-eabi/13.3.0/../../../../arm-none-eabi/lib/thumb/v7e-m+fp/hard\libm.a(libm_a-wf_asin.o)
 .ARM.attributes
                0x00000bc3       0x34 C:/msys64/mingw64/bin/../lib/gcc/arm-none-eabi/13.3.0/../../../../arm-none-eabi/lib/thumb/v7e-m+fp/hard\libm.a(libm_a-wf_atan2.o)
 .ARM.attributes
                0x00000bf7       0x34 C:/msys64/mingw64/bin/../lib/gcc/arm-none-eabi/13.3.0/../../../../arm-none-eabi/lib/thumb/v7e-m+fp/hard\libm.a(libm_a-sf_fabs.o)
 .ARM.attributes
                0x00000c2b       0x34 C:/msys64/mingw64/bin/../lib/gcc/arm-none-eabi/13.3.0/../../../../arm-none-eabi/lib/thumb/v7e-m+fp/hard\libm.a(libm_a-sf_nan.o)
 .ARM.attributes
                0x00000c5f       0x34 C:/msys64/mingw64/bin/../lib/gcc/arm-none-eabi/13.3.0/../../../../arm-none-eabi/lib/thumb/v7e-m+fp/hard\libm.a(libm_a-ef_asin.o)
 .ARM.attributes
                0x00000c93       0x34 C:/msys64/mingw64/bin/../lib/gcc/arm-none-eabi/13.3.0/../../../../arm-none-eabi/lib/thumb/v7e-m+fp/hard\libm.a(libm_a-ef_atan2.o)
 .ARM.attributes
                0x00000cc7       0x34 C:/msys64/mingw64/bin/../lib/gcc/arm-none-eabi/13.3.0/../../../../arm-none-eabi/lib/thumb/v7e-m+fp/hard\libm.a(libm_a-sf_atan.o)
 .ARM.attributes
                0x00000cfb       0x34 C:/msys64/mingw64/bin/../lib/gcc/arm-none-eabi/13.3.0/../../../../arm-none-eabi/lib/thumb/v7e-m+fp/hard\libm.a(libm_a-ef_sqrt.o)
 .ARM.attributes
                0x00000d2f       0x39 Drivers/CMSIS/Lib/GCC\libarm_cortexM4lf_math.a(arm_mat_trans_f32.o)
 .ARM.attributes
                0x00000d68       0x39 Drivers/CMSIS/Lib/GCC\libarm_cortexM4lf_math.a(arm_mat_sub_f32.o)
 .ARM.attributes
                0x00000da1       0x39 Drivers/CMSIS/Lib/GCC\libarm_cortexM4lf_math.a(arm_mat_mult_f32.o)
 .ARM.attributes
                0x00000dda       0x39 Drivers/CMSIS/Lib/GCC\libarm_cortexM4lf_math.a(arm_mat_inverse_f32.o)
 .ARM.attributes
                0x00000e13       0x39 Drivers/CMSIS/Lib/GCC\libarm_cortexM4lf_math.a(arm_mat_init_f32.o)
 .ARM.attributes
                0x00000e4c       0x39 Drivers/CMSIS/Lib/GCC\libarm_cortexM4lf_math.a(arm_mat_add_f32.o)
 .ARM.attributes
                0x00000e85       0x39 Drivers/CMSIS/Lib/GCC\libarm_cortexM4lf_math.a(arm_sin_f32.o)
 .ARM.attributes
                0x00000ebe       0x39 Drivers/CMSIS/Lib/GCC\libarm_cortexM4lf_math.a(arm_cos_f32.o)
 .ARM.attributes
                0x00000ef7       0x39 Drivers/CMSIS/Lib/GCC\libarm_cortexM4lf_math.a(arm_common_tables.o)
 .ARM.attributes
                0x00000f30       0x22 C:/msys64/mingw64/bin/../lib/gcc/arm-none-eabi/13.3.0/thumb/v7e-m+fp/hard\libgcc.a(_arm_addsubdf3.o)
 .ARM.attributes
                0x00000f52       0x22 C:/msys64/mingw64/bin/../lib/gcc/arm-none-eabi/13.3.0/thumb/v7e-m+fp/hard\libgcc.a(_arm_muldivdf3.o)
 .ARM.attributes
                0x00000f74       0x22 C:/msys64/mingw64/bin/../lib/gcc/arm-none-eabi/13.3.0/thumb/v7e-m+fp/hard\libgcc.a(_arm_truncdfsf2.o)
 .ARM.attributes
                0x00000f96       0x22 C:/msys64/mingw64/bin/../lib/gcc/arm-none-eabi/13.3.0/thumb/v7e-m+fp/hard\libgcc.a(_aeabi_uldivmod.o)
 .ARM.attributes
                0x00000fb8       0x34 C:/msys64/mingw64/bin/../lib/gcc/arm-none-eabi/13.3.0/thumb/v7e-m+fp/hard\libgcc.a(_udivmoddi4.o)
 .ARM.attributes
                0x00000fec       0x22 C:/msys64/mingw64/bin/../lib/gcc/arm-none-eabi/13.3.0/thumb/v7e-m+fp/hard\libgcc.a(_dvmd_tls.o)
 .ARM.attributes
                0x0000100e       0x22 C:/msys64/mingw64/bin/../lib/gcc/arm-none-eabi/13.3.0/thumb/v7e-m+fp/hard/crtn.o
OUTPUT(build/C_Board_Standard_Robot.elf elf32-littlearm)
LOAD linker stubs
LOAD C:/msys64/mingw64/bin/../lib/gcc/arm-none-eabi/13.3.0/../../../../arm-none-eabi/lib/thumb/v7e-m+fp/hard\libc.a
LOAD C:/msys64/mingw64/bin/../lib/gcc/arm-none-eabi/13.3.0/../../../../arm-none-eabi/lib/thumb/v7e-m+fp/hard\libm.a
LOAD C:/msys64/mingw64/bin/../lib/gcc/arm-none-eabi/13.3.0/thumb/v7e-m+fp/hard\libgcc.a

.debug_info     0x00000000    0x3abb3
 .debug_info    0x00000000     0x149d build/main.o
 .debug_info    0x0000149d      0x9d2 build/gpio.o
 .debug_info    0x00001e6f      0x7b5 build/freertos.o
 .debug_info    0x00002624      0xc6b build/adc.o
 .debug_info    0x0000328f      0xdf5 build/can.o
 .debug_info    0x00004084      0x6ea build/dma.o
 .debug_info    0x0000476e      0xdfe build/i2c.o
 .debug_info    0x0000556c      0xd1c build/spi.o
 .debug_info    0x00006288     0x16b7 build/tim.o
 .debug_info    0x0000793f     0x1175 build/usart.o
 .debug_info    0x00008ab4     0x1101 build/stm32f4xx_it.o
 .debug_info    0x00009bb5      0x55a build/stm32f4xx_hal_msp.o
 .debug_info    0x0000a10f      0xcfd build/stm32f4xx_hal_timebase_tim.o
 .debug_info    0x0000ae0c     0x101b build/stm32f4xx_hal_adc.o
 .debug_info    0x0000be27      0xc0a build/stm32f4xx_hal_rcc.o
 .debug_info    0x0000ca31      0x833 build/stm32f4xx_hal_gpio.o
 .debug_info    0x0000d264      0xbce build/stm32f4xx_hal_dma.o
 .debug_info    0x0000de32     0x1186 build/stm32f4xx_hal_cortex.o
 .debug_info    0x0000efb8      0xafa build/stm32f4xx_hal.o
 .debug_info    0x0000fab2     0x1387 build/stm32f4xx_hal_can.o
 .debug_info    0x00010e39     0x3b93 build/stm32f4xx_hal_i2c.o
 .debug_info    0x000149cc     0x2017 build/stm32f4xx_hal_spi.o
 .debug_info    0x000169e3     0x3955 build/stm32f4xx_hal_tim.o
 .debug_info    0x0001a338     0x18a1 build/stm32f4xx_hal_tim_ex.o
 .debug_info    0x0001bbd9     0x1aee build/stm32f4xx_hal_uart.o
 .debug_info    0x0001d6c7      0x5b3 build/system_stm32f4xx.o
 .debug_info    0x0001dc7a      0x30f build/list.o
 .debug_info    0x0001df89     0x265b build/queue.o
 .debug_info    0x000205e4     0x31a3 build/tasks.o
 .debug_info    0x00023787     0x1beb build/timers.o
 .debug_info    0x00025372     0x2b20 build/cmsis_os.o
 .debug_info    0x00027e92      0x493 build/heap_4.o
 .debug_info    0x00028325      0x5c2 build/port.o
 .debug_info    0x000288e7     0x1591 build/motor.o
 .debug_info    0x00029e78      0x9c7 build/remote_control.o
 .debug_info    0x0002a83f     0x1db4 build/chassis_task.o
 .debug_info    0x0002c5f3      0x5b9 build/detect_task.o
 .debug_info    0x0002cbac      0x4bc build/ins_task.o
 .debug_info    0x0002d068      0xa99 build/QuaternionAHRS.o
 .debug_info    0x0002db01      0x8a5 build/GravityEstimateKF.o
 .debug_info    0x0002e3a6     0x1092 build/BMI088driver.o
 .debug_info    0x0002f438      0x929 build/BMI088Middleware.o
 .debug_info    0x0002fd61     0x1f67 build/bsp_CAN.o
 .debug_info    0x00031cc8      0x6b4 build/bsp_dwt.o
 .debug_info    0x0003237c      0x711 build/bsp_usart_idle.o
 .debug_info    0x00032a8d      0x93b build/bsp_adc.o
 .debug_info    0x000333c8     0x155a build/controller.o
 .debug_info    0x00034922      0xcf7 build/user_lib.o
 .debug_info    0x00035619     0x1091 build/kalman_filter.o
 .debug_info    0x000366aa       0x30 build/startup_stm32f407xx.o
 .debug_info    0x000366da     0x10c4 C:/msys64/mingw64/bin/../lib/gcc/arm-none-eabi/13.3.0/../../../../arm-none-eabi/lib/thumb/v7e-m+fp/hard\libc_nano.a(libc_a-findfp.o)
 .debug_info    0x0003779e      0x135 C:/msys64/mingw64/bin/../lib/gcc/arm-none-eabi/13.3.0/../../../../arm-none-eabi/lib/thumb/v7e-m+fp/hard\libc_nano.a(libc_a-memset.o)
 .debug_info    0x000378d3      0x715 C:/msys64/mingw64/bin/../lib/gcc/arm-none-eabi/13.3.0/../../../../arm-none-eabi/lib/thumb/v7e-m+fp/hard\libc_nano.a(libc_a-impure.o)
 .debug_info    0x00037fe8      0x6fb C:/msys64/mingw64/bin/../lib/gcc/arm-none-eabi/13.3.0/../../../../arm-none-eabi/lib/thumb/v7e-m+fp/hard\libc_nano.a(libc_a-errno.o)
 .debug_info    0x000386e3      0x10b C:/msys64/mingw64/bin/../lib/gcc/arm-none-eabi/13.3.0/../../../../arm-none-eabi/lib/thumb/v7e-m+fp/hard\libc_nano.a(libc_a-init.o)
 .debug_info    0x000387ee       0x33 C:/msys64/mingw64/bin/../lib/gcc/arm-none-eabi/13.3.0/../../../../arm-none-eabi/lib/thumb/v7e-m+fp/hard\libc_nano.a(libc_a-memcpy.o)
 .debug_info    0x00038821      0x20e Drivers/CMSIS/Lib/GCC\libarm_cortexM4lf_math.a(arm_mat_trans_f32.o)
 .debug_info    0x00038a2f      0x267 Drivers/CMSIS/Lib/GCC\libarm_cortexM4lf_math.a(arm_mat_sub_f32.o)
 .debug_info    0x00038c96      0x2b3 Drivers/CMSIS/Lib/GCC\libarm_cortexM4lf_math.a(arm_mat_mult_f32.o)
 .debug_info    0x00038f49      0x332 Drivers/CMSIS/Lib/GCC\libarm_cortexM4lf_math.a(arm_mat_inverse_f32.o)
 .debug_info    0x0003927b      0x150 Drivers/CMSIS/Lib/GCC\libarm_cortexM4lf_math.a(arm_mat_init_f32.o)
 .debug_info    0x000393cb      0x267 Drivers/CMSIS/Lib/GCC\libarm_cortexM4lf_math.a(arm_mat_add_f32.o)
 .debug_info    0x00039632      0x183 Drivers/CMSIS/Lib/GCC\libarm_cortexM4lf_math.a(arm_sin_f32.o)
 .debug_info    0x000397b5      0x181 Drivers/CMSIS/Lib/GCC\libarm_cortexM4lf_math.a(arm_cos_f32.o)
 .debug_info    0x00039936      0x9b1 Drivers/CMSIS/Lib/GCC\libarm_cortexM4lf_math.a(arm_common_tables.o)
 .debug_info    0x0003a2e7       0xd3 C:/msys64/mingw64/bin/../lib/gcc/arm-none-eabi/13.3.0/thumb/v7e-m+fp/hard\libgcc.a(_arm_addsubdf3.o)
 .debug_info    0x0003a3ba       0x57 C:/msys64/mingw64/bin/../lib/gcc/arm-none-eabi/13.3.0/thumb/v7e-m+fp/hard\libgcc.a(_arm_muldivdf3.o)
 .debug_info    0x0003a411       0x3f C:/msys64/mingw64/bin/../lib/gcc/arm-none-eabi/13.3.0/thumb/v7e-m+fp/hard\libgcc.a(_arm_truncdfsf2.o)
 .debug_info    0x0003a450       0x24 C:/msys64/mingw64/bin/../lib/gcc/arm-none-eabi/13.3.0/thumb/v7e-m+fp/hard\libgcc.a(_aeabi_uldivmod.o)
 .debug_info    0x0003a474      0x703 C:/msys64/mingw64/bin/../lib/gcc/arm-none-eabi/13.3.0/thumb/v7e-m+fp/hard\libgcc.a(_udivmoddi4.o)
 .debug_info    0x0003ab77       0x3c C:/msys64/mingw64/bin/../lib/gcc/arm-none-eabi/13.3.0/thumb/v7e-m+fp/hard\libgcc.a(_dvmd_tls.o)

.debug_abbrev   0x00000000     0x8b6a
 .debug_abbrev  0x00000000      0x299 build/main.o
 .debug_abbrev  0x00000299      0x17e build/gpio.o
 .debug_abbrev  0x00000417      0x1ea build/freertos.o
 .debug_abbrev  0x00000601      0x208 build/adc.o
 .debug_abbrev  0x00000809      0x225 build/can.o
 .debug_abbrev  0x00000a2e      0x12f build/dma.o
 .debug_abbrev  0x00000b5d      0x21b build/i2c.o
 .debug_abbrev  0x00000d78      0x21b build/spi.o
 .debug_abbrev  0x00000f93      0x276 build/tim.o
 .debug_abbrev  0x00001209      0x269 build/usart.o
 .debug_abbrev  0x00001472      0x249 build/stm32f4xx_it.o
 .debug_abbrev  0x000016bb      0x122 build/stm32f4xx_hal_msp.o
 .debug_abbrev  0x000017dd      0x21a build/stm32f4xx_hal_timebase_tim.o